******************************************************************************
             TMS320C2000 Linker PC v6.2.0                      
******************************************************************************
>> Linked Sun Oct 27 13:03:55 2013

OUTPUT FILE NAME:   <Capstone1.out>
ENTRY POINT SYMBOL: "_c_int00"  address: 003f60ba


MEMORY CONFIGURATION

         name            origin    length      used     unused   attr    fill
----------------------  --------  ---------  --------  --------  ----  --------
PAGE 0:
  PRAML0                00008000   00000800  00000004  000007fc  RWIX
  OTP                   003d7800   00000400  00000000  00000400  RWIX
  FLASHD                003f0000   00002000  00000000  00002000  RWIX
  FLASHC                003f2000   00002000  00000000  00002000  RWIX
  FLASHA                003f6000   00001f80  00000212  00001d6e  RWIX
  CSM_RSVD              003f7f80   00000076  00000076  00000000  RWIX
  BEGIN                 003f7ff6   00000002  00000002  00000000  RWIX
  CSM_PWL_P0            003f7ff8   00000008  00000008  00000000  RWIX
  IQTABLES              003fe000   00000b50  00000000  00000b50  RWIX
  IQTABLES2             003feb50   0000008c  00000000  0000008c  RWIX
  IQTABLES3             003febdc   000000aa  00000000  000000aa  RWIX
  ROM                   003ff27c   00000d44  00000000  00000d44  RWIX
  RESET                 003fffc0   00000002  00000000  00000002  RWIX
  VECTORS               003fffc2   0000003e  00000000  0000003e  RWIX

PAGE 1:
  BOOT_RSVD             00000000   00000050  00000000  00000050  RWIX
  RAMM0                 00000050   000003b0  00000300  000000b0  RWIX
  RAMM1                 00000400   00000400  00000000  00000400  RWIX
  DRAML0                00008800   00000800  00000008  000007f8  RWIX
  FLASHB                003f4000   00002000  00000000  00002000  RWIX


SECTION ALLOCATION MAP

 output                                  attributes/
section   page    origin      length       input sections
--------  ----  ----------  ----------   ----------------
.pinit     0    003f6000    00000000     UNINITIALIZED

.text      0    003f6000    000001f8     
                  003f6000    00000071     main.obj (.text)
                  003f6071    00000049     driverlib.lib : gpio.obj (.text:_GPIO_setMode)
                  003f60ba    00000044     rts2800_ml.lib : boot.obj (.text)
                  003f60fe    00000034     driverlib.lib : gpio.obj (.text:_GPIO_setDirection)
                  003f6132    00000019     rts2800_ml.lib : args_main.obj (.text)
                  003f614b    00000019                    : exit.obj (.text)
                  003f6164    00000015     driverlib.lib : pll.obj (.text:_PLL_setup)
                  003f6179    00000013                   : gpio.obj (.text:_GPIO_setHigh)
                  003f618c    00000013                   : gpio.obj (.text:_GPIO_setLow)
                  003f619f    00000012                   : F2802x_asmfuncs.obj (.text)
                  003f61b1    00000009     rts2800_ml.lib : _lock.obj (.text)
                  003f61ba    00000008     driverlib.lib : wdog.obj (.text:_WDOG_disable)
                  003f61c2    00000007                   : clk.obj (.text:_CLK_init)
                  003f61c9    00000007                   : clk.obj (.text:_CLK_setOscSrc)
                  003f61d0    00000007                   : gpio.obj (.text:_GPIO_init)
                  003f61d7    00000007                   : pll.obj (.text:_PLL_init)
                  003f61de    00000007                   : pll.obj (.text:_PLL_setDivider)
                  003f61e5    00000007                   : wdog.obj (.text:_WDOG_init)
                  003f61ec    00000006                   : pll.obj (.text:_PLL_setMultiplier)
                  003f61f2    00000003                   : pll.obj (.text:_PLL_getClkStatus)
                  003f61f5    00000003                   : pll.obj (.text:_PLL_getLockStatus)

.cinit     0    003f61f8    00000016     
                  003f61f8    0000000a     rts2800_ml.lib : _lock.obj (.cinit)
                  003f6202    0000000a                    : exit.obj (.cinit)
                  003f620c    00000002     --HOLE-- [fill = 0]

ramfuncs   0    003f620e    00000004     RUN ADDR = 00008000
                  003f620e    00000004     driverlib.lib : F2802x_asmfuncs.obj (ramfuncs)

csm_rsvd   0    003f7f80    00000076     
                  003f7f80    00000076     driverlib.lib : F2802x_asmfuncs.obj (csm_rsvd)

codestart 
*          0    003f7ff6    00000002     
                  003f7ff6    00000002     driverlib.lib : F2802x_asmfuncs.obj (codestart)

csmpasswds 
*          0    003f7ff8    00000008     
                  003f7ff8    00000008     driverlib.lib : F2802x_asmfuncs.obj (csmpasswds)

.reset     0    003fffc0    00000002     DSECT
                  003fffc0    00000002     rts2800_ml.lib : boot.obj (.reset)

vectors    0    003fffc2    00000000     DSECT

.stack     1    00000050    00000300     UNINITIALIZED
                  00000050    00000300     --HOLE--

.ebss      1    00008800    00000008     UNINITIALIZED
                  00008800    00000004     rts2800_ml.lib : _lock.obj (.ebss)
                  00008804    00000004                    : exit.obj (.ebss)


GLOBAL DATA SYMBOLS: SORTED BY DATA PAGE

address     data page           name
--------    ----------------    ----
00000050       1 (00000040)     __stack

00008800     220 (00008800)     __unlock
00008802     220 (00008800)     __lock
00008804     220 (00008800)     ___TI_cleanup_ptr
00008806     220 (00008800)     ___TI_dtors_ptr


GLOBAL SYMBOLS: SORTED ALPHABETICALLY BY Name 

address    name
--------   ----
003f6000   .text
003f614b   C$$EXIT
003f61c2   _CLK_init
003f61c9   _CLK_setOscSrc
003f61aa   _DSP28x_DisableInt
003f61ae   _DSP28x_RestoreInt
00008000   _DSP28x_usDelay
003f61d0   _GPIO_init
003f60fe   _GPIO_setDirection
003f6179   _GPIO_setHigh
003f618c   _GPIO_setLow
003f6071   _GPIO_setMode
003f61f2   _PLL_getClkStatus
003f61f5   _PLL_getLockStatus
003f61d7   _PLL_init
003f61de   _PLL_setDivider
003f61ec   _PLL_setMultiplier
003f6164   _PLL_setup
003f6212   _RamfuncsLoadEnd
003f620e   _RamfuncsLoadStart
00008000   _RamfuncsRunStart
003f61ba   _WDOG_disable
003f61e5   _WDOG_init
00000350   __STACK_END
00000300   __STACK_SIZE
00000001   __TI_args_main
00008804   ___TI_cleanup_ptr
00008806   ___TI_dtors_ptr
ffffffff   ___binit__
ffffffff   ___c_args__
003f61f8   ___cinit__
003f61f8   ___etext__
ffffffff   ___pinit__
003f6000   ___text__
003f6132   __args_main
00008802   __lock
003f61b9   __nop
003f61b5   __register_lock
003f61b1   __register_unlock
00000050   __stack
00008800   __unlock
003f614b   _abort
003f60ba   _c_int00
003f614d   _exit
003f6000   _main
003f61a7   _setDBGIER
ffffffff   binit
003f61f8   cinit
003f7ff6   code_start
003f61f8   etext
ffffffff   pinit


GLOBAL SYMBOLS: SORTED BY Symbol Address 

address    name
--------   ----
00000001   __TI_args_main
00000050   __stack
00000300   __STACK_SIZE
00000350   __STACK_END
00008000   _DSP28x_usDelay
00008000   _RamfuncsRunStart
00008800   __unlock
00008802   __lock
00008804   ___TI_cleanup_ptr
00008806   ___TI_dtors_ptr
003f6000   .text
003f6000   ___text__
003f6000   _main
003f6071   _GPIO_setMode
003f60ba   _c_int00
003f60fe   _GPIO_setDirection
003f6132   __args_main
003f614b   C$$EXIT
003f614b   _abort
003f614d   _exit
003f6164   _PLL_setup
003f6179   _GPIO_setHigh
003f618c   _GPIO_setLow
003f61a7   _setDBGIER
003f61aa   _DSP28x_DisableInt
003f61ae   _DSP28x_RestoreInt
003f61b1   __register_unlock
003f61b5   __register_lock
003f61b9   __nop
003f61ba   _WDOG_disable
003f61c2   _CLK_init
003f61c9   _CLK_setOscSrc
003f61d0   _GPIO_init
003f61d7   _PLL_init
003f61de   _PLL_setDivider
003f61e5   _WDOG_init
003f61ec   _PLL_setMultiplier
003f61f2   _PLL_getClkStatus
003f61f5   _PLL_getLockStatus
003f61f8   ___cinit__
003f61f8   ___etext__
003f61f8   cinit
003f61f8   etext
003f620e   _RamfuncsLoadStart
003f6212   _RamfuncsLoadEnd
003f7ff6   code_start
ffffffff   ___binit__
ffffffff   ___c_args__
ffffffff   ___pinit__
ffffffff   binit
ffffffff   pinit

[51 symbols]
