<?xml version="1.0"?>
<link_info>
   <banner>TMS320C2000 Linker PC v6.2.0</banner>
   <copyright>Copyright (c) 1996-2013 Texas Instruments Incorporated</copyright>
   <link_time>0x52714de4</link_time>
   <link_errors>0x0</link_errors>
   <output_file>Capstone1.out</output_file>
   <entry_point>
      <name>_c_int00</name>
      <address>0x3f61cd</address>
   </entry_point>
   <input_file_list>
      <input_file id="fl-2">
         <path>.\</path>
         <kind>object</kind>
         <file>main.obj</file>
         <name>main.obj</name>
      </input_file>
      <input_file id="fl-12">
         <path>C:\ti\ccsv5\tools\compiler\c2000_6.2.0\lib\</path>
         <kind>archive</kind>
         <file>rts2800_ml.lib</file>
         <name>boot.obj</name>
      </input_file>
      <input_file id="fl-13">
         <path>C:\ti\ccsv5\tools\compiler\c2000_6.2.0\lib\</path>
         <kind>archive</kind>
         <file>rts2800_ml.lib</file>
         <name>exit.obj</name>
      </input_file>
      <input_file id="fl-14">
         <path>C:\ti\ccsv5\tools\compiler\c2000_6.2.0\lib\</path>
         <kind>archive</kind>
         <file>rts2800_ml.lib</file>
         <name>_lock.obj</name>
      </input_file>
      <input_file id="fl-15">
         <path>C:\ti\ccsv5\tools\compiler\c2000_6.2.0\lib\</path>
         <kind>archive</kind>
         <file>rts2800_ml.lib</file>
         <name>args_main.obj</name>
      </input_file>
      <input_file id="fl-16">
         <path>C:\ti\controlSUITE\development_kits\C2000_LaunchPad\f2802x_common\lib\</path>
         <kind>archive</kind>
         <file>driverlib.lib</file>
         <name>wdog.obj</name>
      </input_file>
      <input_file id="fl-17">
         <path>C:\ti\controlSUITE\development_kits\C2000_LaunchPad\f2802x_common\lib\</path>
         <kind>archive</kind>
         <file>driverlib.lib</file>
         <name>timer.obj</name>
      </input_file>
      <input_file id="fl-18">
         <path>C:\ti\controlSUITE\development_kits\C2000_LaunchPad\f2802x_common\lib\</path>
         <kind>archive</kind>
         <file>driverlib.lib</file>
         <name>pll.obj</name>
      </input_file>
      <input_file id="fl-19">
         <path>C:\ti\controlSUITE\development_kits\C2000_LaunchPad\f2802x_common\lib\</path>
         <kind>archive</kind>
         <file>driverlib.lib</file>
         <name>pie.obj</name>
      </input_file>
      <input_file id="fl-1a">
         <path>C:\ti\controlSUITE\development_kits\C2000_LaunchPad\f2802x_common\lib\</path>
         <kind>archive</kind>
         <file>driverlib.lib</file>
         <name>gpio.obj</name>
      </input_file>
      <input_file id="fl-1b">
         <path>C:\ti\controlSUITE\development_kits\C2000_LaunchPad\f2802x_common\lib\</path>
         <kind>archive</kind>
         <file>driverlib.lib</file>
         <name>flash.obj</name>
      </input_file>
      <input_file id="fl-1c">
         <path>C:\ti\controlSUITE\development_kits\C2000_LaunchPad\f2802x_common\lib\</path>
         <kind>archive</kind>
         <file>driverlib.lib</file>
         <name>cpu.obj</name>
      </input_file>
      <input_file id="fl-1d">
         <path>C:\ti\controlSUITE\development_kits\C2000_LaunchPad\f2802x_common\lib\</path>
         <kind>archive</kind>
         <file>driverlib.lib</file>
         <name>clk.obj</name>
      </input_file>
      <input_file id="fl-1e">
         <path>C:\ti\controlSUITE\development_kits\C2000_LaunchPad\f2802x_common\lib\</path>
         <kind>archive</kind>
         <file>driverlib.lib</file>
         <name>adc.obj</name>
      </input_file>
      <input_file id="fl-1f">
         <path>C:\ti\controlSUITE\development_kits\C2000_LaunchPad\f2802x_common\lib\</path>
         <kind>archive</kind>
         <file>driverlib.lib</file>
         <name>F2802x_DefaultIsr.obj</name>
      </input_file>
   </input_file_list>
   <object_component_list>
      <object_component id="oc-29">
         <name>.cinit</name>
         <load_address>0x3f65f4</load_address>
         <run_address>0x3f65f4</run_address>
         <size>0xa</size>
         <input_file_ref idref="fl-14"/>
      </object_component>
      <object_component id="oc-22">
         <name>.cinit</name>
         <load_address>0x3f65fe</load_address>
         <run_address>0x3f65fe</run_address>
         <size>0xa</size>
         <input_file_ref idref="fl-13"/>
      </object_component>
      <object_component id="oc-15">
         <name>.cinit</name>
         <load_address>0x3f6608</load_address>
         <run_address>0x3f6608</run_address>
         <size>0x4</size>
         <input_file_ref idref="fl-2"/>
      </object_component>
      <object_component id="oc-13">
         <name>.text</name>
         <load_address>0x3f6000</load_address>
         <run_address>0x3f6000</run_address>
         <size>0x13b</size>
         <input_file_ref idref="fl-2"/>
      </object_component>
      <object_component id="oc-7a">
         <name>.text:_GPIO_setMode</name>
         <load_address>0x3f613b</load_address>
         <run_address>0x3f613b</run_address>
         <size>0x49</size>
         <input_file_ref idref="fl-1a"/>
      </object_component>
      <object_component id="oc-17">
         <name>.text:retain</name>
         <load_address>0x3f6184</load_address>
         <run_address>0x3f6184</run_address>
         <size>0x49</size>
         <input_file_ref idref="fl-2"/>
      </object_component>
      <object_component id="oc-12">
         <name>.text</name>
         <load_address>0x3f61cd</load_address>
         <run_address>0x3f61cd</run_address>
         <size>0x44</size>
         <input_file_ref idref="fl-12"/>
      </object_component>
      <object_component id="oc-7b">
         <name>.text:_GPIO_setDirection</name>
         <load_address>0x3f6211</load_address>
         <run_address>0x3f6211</run_address>
         <size>0x34</size>
         <input_file_ref idref="fl-1a"/>
      </object_component>
      <object_component id="oc-7c">
         <name>.text:_GPIO_setPullUp</name>
         <load_address>0x3f6245</load_address>
         <run_address>0x3f6245</run_address>
         <size>0x34</size>
         <input_file_ref idref="fl-1a"/>
      </object_component>
      <object_component id="oc-7f">
         <name>.text:_PIE_enableExtInt</name>
         <load_address>0x3f6279</load_address>
         <run_address>0x3f6279</run_address>
         <size>0x23</size>
         <input_file_ref idref="fl-19"/>
      </object_component>
      <object_component id="oc-7e">
         <name>.text:_PIE_setExtIntPolarity</name>
         <load_address>0x3f629c</load_address>
         <run_address>0x3f629c</run_address>
         <size>0x19</size>
         <input_file_ref idref="fl-19"/>
      </object_component>
      <object_component id="oc-2e">
         <name>.text</name>
         <load_address>0x3f62b5</load_address>
         <run_address>0x3f62b5</run_address>
         <size>0x19</size>
         <input_file_ref idref="fl-15"/>
      </object_component>
      <object_component id="oc-20">
         <name>.text</name>
         <load_address>0x3f62ce</load_address>
         <run_address>0x3f62ce</run_address>
         <size>0x19</size>
         <input_file_ref idref="fl-13"/>
      </object_component>
      <object_component id="oc-68">
         <name>.text:_PLL_setup</name>
         <load_address>0x3f62e7</load_address>
         <run_address>0x3f62e7</run_address>
         <size>0x15</size>
         <input_file_ref idref="fl-18"/>
      </object_component>
      <object_component id="oc-82">
         <name>.text:_GPIO_toggle</name>
         <load_address>0x3f62fc</load_address>
         <run_address>0x3f62fc</run_address>
         <size>0x13</size>
         <input_file_ref idref="fl-1a"/>
      </object_component>
      <object_component id="oc-74">
         <name>.text:_TIMER_setPreScaler</name>
         <load_address>0x3f630f</load_address>
         <run_address>0x3f630f</run_address>
         <size>0x13</size>
         <input_file_ref idref="fl-17"/>
      </object_component>
      <object_component id="oc-6d">
         <name>.text:_PIE_setDebugIntVectorTable</name>
         <load_address>0x3f6322</load_address>
         <run_address>0x3f6322</run_address>
         <size>0x11</size>
         <input_file_ref idref="fl-19"/>
      </object_component>
      <object_component id="oc-6a">
         <name>.text:_PIE_disableAllInts</name>
         <load_address>0x3f6333</load_address>
         <run_address>0x3f6333</run_address>
         <size>0xf</size>
         <input_file_ref idref="fl-19"/>
      </object_component>
      <object_component id="oc-6f">
         <name>.text:_PIE_registerPieIntHandler</name>
         <load_address>0x3f6342</load_address>
         <run_address>0x3f6342</run_address>
         <size>0xf</size>
         <input_file_ref idref="fl-19"/>
      </object_component>
      <object_component id="oc-7d">
         <name>.text:_GPIO_setExtInt</name>
         <load_address>0x3f6351</load_address>
         <run_address>0x3f6351</run_address>
         <size>0xb</size>
         <input_file_ref idref="fl-1a"/>
      </object_component>
      <object_component id="oc-70">
         <name>.text:_PIE_enableInt</name>
         <load_address>0x3f635c</load_address>
         <run_address>0x3f635c</run_address>
         <size>0xa</size>
         <input_file_ref idref="fl-19"/>
      </object_component>
      <object_component id="oc-27">
         <name>.text</name>
         <load_address>0x3f6366</load_address>
         <run_address>0x3f6366</run_address>
         <size>0x9</size>
         <input_file_ref idref="fl-14"/>
      </object_component>
      <object_component id="oc-5c">
         <name>.text:_ADC_init</name>
         <load_address>0x3f636f</load_address>
         <run_address>0x3f636f</run_address>
         <size>0x8</size>
         <input_file_ref idref="fl-1e"/>
      </object_component>
      <object_component id="oc-61">
         <name>.text:_PIE_init</name>
         <load_address>0x3f6377</load_address>
         <run_address>0x3f6377</run_address>
         <size>0x8</size>
         <input_file_ref idref="fl-19"/>
      </object_component>
      <object_component id="oc-65">
         <name>.text:_WDOG_disable</name>
         <load_address>0x3f637f</load_address>
         <run_address>0x3f637f</run_address>
         <size>0x8</size>
         <input_file_ref idref="fl-16"/>
      </object_component>
      <object_component id="oc-66">
         <name>.text:_CLK_enableAdcClock</name>
         <load_address>0x3f6387</load_address>
         <run_address>0x3f6387</run_address>
         <size>0x7</size>
         <input_file_ref idref="fl-1d"/>
      </object_component>
      <object_component id="oc-5d">
         <name>.text:_CLK_init</name>
         <load_address>0x3f638e</load_address>
         <run_address>0x3f638e</run_address>
         <size>0x7</size>
         <input_file_ref idref="fl-1d"/>
      </object_component>
      <object_component id="oc-67">
         <name>.text:_CLK_setOscSrc</name>
         <load_address>0x3f6395</load_address>
         <run_address>0x3f6395</run_address>
         <size>0x7</size>
         <input_file_ref idref="fl-1d"/>
      </object_component>
      <object_component id="oc-5f">
         <name>.text:_FLASH_init</name>
         <load_address>0x3f639c</load_address>
         <run_address>0x3f639c</run_address>
         <size>0x7</size>
         <input_file_ref idref="fl-1b"/>
      </object_component>
      <object_component id="oc-60">
         <name>.text:_GPIO_init</name>
         <load_address>0x3f63a3</load_address>
         <run_address>0x3f63a3</run_address>
         <size>0x7</size>
         <input_file_ref idref="fl-1a"/>
      </object_component>
      <object_component id="oc-62">
         <name>.text:_PLL_init</name>
         <load_address>0x3f63aa</load_address>
         <run_address>0x3f63aa</run_address>
         <size>0x7</size>
         <input_file_ref idref="fl-18"/>
      </object_component>
      <object_component id="oc-84">
         <name>.text:_PLL_setDivider</name>
         <load_address>0x3f63b1</load_address>
         <run_address>0x3f63b1</run_address>
         <size>0x7</size>
         <input_file_ref idref="fl-18"/>
      </object_component>
      <object_component id="oc-63">
         <name>.text:_TIMER_init</name>
         <load_address>0x3f63b8</load_address>
         <run_address>0x3f63b8</run_address>
         <size>0x7</size>
         <input_file_ref idref="fl-17"/>
      </object_component>
      <object_component id="oc-76">
         <name>.text:_TIMER_setEmulationMode</name>
         <load_address>0x3f63bf</load_address>
         <run_address>0x3f63bf</run_address>
         <size>0x7</size>
         <input_file_ref idref="fl-17"/>
      </object_component>
      <object_component id="oc-64">
         <name>.text:_WDOG_init</name>
         <load_address>0x3f63c6</load_address>
         <run_address>0x3f63c6</run_address>
         <size>0x7</size>
         <input_file_ref idref="fl-16"/>
      </object_component>
      <object_component id="oc-85">
         <name>.text:_PLL_setMultiplier</name>
         <load_address>0x3f63cd</load_address>
         <run_address>0x3f63cd</run_address>
         <size>0x6</size>
         <input_file_ref idref="fl-18"/>
      </object_component>
      <object_component id="oc-9c">
         <name>.text:_ADCINT1_ISR</name>
         <load_address>0x3f63d3</load_address>
         <run_address>0x3f63d3</run_address>
         <size>0x5</size>
         <input_file_ref idref="fl-1f"/>
      </object_component>
      <object_component id="oc-9d">
         <name>.text:_ADCINT2_ISR</name>
         <load_address>0x3f63d8</load_address>
         <run_address>0x3f63d8</run_address>
         <size>0x5</size>
         <input_file_ref idref="fl-1f"/>
      </object_component>
      <object_component id="oc-b1">
         <name>.text:_ADCINT3_ISR</name>
         <load_address>0x3f63dd</load_address>
         <run_address>0x3f63dd</run_address>
         <size>0x5</size>
         <input_file_ref idref="fl-1f"/>
      </object_component>
      <object_component id="oc-b2">
         <name>.text:_ADCINT4_ISR</name>
         <load_address>0x3f63e2</load_address>
         <run_address>0x3f63e2</run_address>
         <size>0x5</size>
         <input_file_ref idref="fl-1f"/>
      </object_component>
      <object_component id="oc-b3">
         <name>.text:_ADCINT5_ISR</name>
         <load_address>0x3f63e7</load_address>
         <run_address>0x3f63e7</run_address>
         <size>0x5</size>
         <input_file_ref idref="fl-1f"/>
      </object_component>
      <object_component id="oc-b4">
         <name>.text:_ADCINT6_ISR</name>
         <load_address>0x3f63ec</load_address>
         <run_address>0x3f63ec</run_address>
         <size>0x5</size>
         <input_file_ref idref="fl-1f"/>
      </object_component>
      <object_component id="oc-b5">
         <name>.text:_ADCINT7_ISR</name>
         <load_address>0x3f63f1</load_address>
         <run_address>0x3f63f1</run_address>
         <size>0x5</size>
         <input_file_ref idref="fl-1f"/>
      </object_component>
      <object_component id="oc-b6">
         <name>.text:_ADCINT8_ISR</name>
         <load_address>0x3f63f6</load_address>
         <run_address>0x3f63f6</run_address>
         <size>0x5</size>
         <input_file_ref idref="fl-1f"/>
      </object_component>
      <object_component id="oc-a1">
         <name>.text:_ADCINT9_ISR</name>
         <load_address>0x3f63fb</load_address>
         <run_address>0x3f63fb</run_address>
         <size>0x5</size>
         <input_file_ref idref="fl-1f"/>
      </object_component>
      <object_component id="oc-8b">
         <name>.text:_DATALOG_ISR</name>
         <load_address>0x3f6400</load_address>
         <run_address>0x3f6400</run_address>
         <size>0x5</size>
         <input_file_ref idref="fl-1f"/>
      </object_component>
      <object_component id="oc-aa">
         <name>.text:_ECAP1_INT_ISR</name>
         <load_address>0x3f6405</load_address>
         <run_address>0x3f6405</run_address>
         <size>0x5</size>
         <input_file_ref idref="fl-1f"/>
      </object_component>
      <object_component id="oc-8d">
         <name>.text:_EMUINT_ISR</name>
         <load_address>0x3f640a</load_address>
         <run_address>0x3f640a</run_address>
         <size>0x5</size>
         <input_file_ref idref="fl-1f"/>
      </object_component>
      <object_component id="oc-a7">
         <name>.text:_EPWM1_INT_ISR</name>
         <load_address>0x3f640f</load_address>
         <run_address>0x3f640f</run_address>
         <size>0x5</size>
         <input_file_ref idref="fl-1f"/>
      </object_component>
      <object_component id="oc-a4">
         <name>.text:_EPWM1_TZINT_ISR</name>
         <load_address>0x3f6414</load_address>
         <run_address>0x3f6414</run_address>
         <size>0x5</size>
         <input_file_ref idref="fl-1f"/>
      </object_component>
      <object_component id="oc-a8">
         <name>.text:_EPWM2_INT_ISR</name>
         <load_address>0x3f6419</load_address>
         <run_address>0x3f6419</run_address>
         <size>0x5</size>
         <input_file_ref idref="fl-1f"/>
      </object_component>
      <object_component id="oc-a5">
         <name>.text:_EPWM2_TZINT_ISR</name>
         <load_address>0x3f641e</load_address>
         <run_address>0x3f641e</run_address>
         <size>0x5</size>
         <input_file_ref idref="fl-1f"/>
      </object_component>
      <object_component id="oc-a9">
         <name>.text:_EPWM3_INT_ISR</name>
         <load_address>0x3f6423</load_address>
         <run_address>0x3f6423</run_address>
         <size>0x5</size>
         <input_file_ref idref="fl-1f"/>
      </object_component>
      <object_component id="oc-a6">
         <name>.text:_EPWM3_TZINT_ISR</name>
         <load_address>0x3f6428</load_address>
         <run_address>0x3f6428</run_address>
         <size>0x5</size>
         <input_file_ref idref="fl-1f"/>
      </object_component>
      <object_component id="oc-ad">
         <name>.text:_I2CINT1A_ISR</name>
         <load_address>0x3f642d</load_address>
         <run_address>0x3f642d</run_address>
         <size>0x5</size>
         <input_file_ref idref="fl-1f"/>
      </object_component>
      <object_component id="oc-ae">
         <name>.text:_I2CINT2A_ISR</name>
         <load_address>0x3f6432</load_address>
         <run_address>0x3f6432</run_address>
         <size>0x5</size>
         <input_file_ref idref="fl-1f"/>
      </object_component>
      <object_component id="oc-8f">
         <name>.text:_ILLEGAL_ISR</name>
         <load_address>0x3f6437</load_address>
         <run_address>0x3f6437</run_address>
         <size>0x5</size>
         <input_file_ref idref="fl-1f"/>
      </object_component>
      <object_component id="oc-89">
         <name>.text:_INT13_ISR</name>
         <load_address>0x3f643c</load_address>
         <run_address>0x3f643c</run_address>
         <size>0x5</size>
         <input_file_ref idref="fl-1f"/>
      </object_component>
      <object_component id="oc-8a">
         <name>.text:_INT14_ISR</name>
         <load_address>0x3f6441</load_address>
         <run_address>0x3f6441</run_address>
         <size>0x5</size>
         <input_file_ref idref="fl-1f"/>
      </object_component>
      <object_component id="oc-8e">
         <name>.text:_NMI_ISR</name>
         <load_address>0x3f6446</load_address>
         <run_address>0x3f6446</run_address>
         <size>0x5</size>
         <input_file_ref idref="fl-1f"/>
      </object_component>
      <object_component id="oc-88">
         <name>.text:_PIE_RESERVED</name>
         <load_address>0x3f644b</load_address>
         <run_address>0x3f644b</run_address>
         <size>0x5</size>
         <input_file_ref idref="fl-1f"/>
      </object_component>
      <object_component id="oc-8c">
         <name>.text:_RTOSINT_ISR</name>
         <load_address>0x3f6450</load_address>
         <run_address>0x3f6450</run_address>
         <size>0x5</size>
         <input_file_ref idref="fl-1f"/>
      </object_component>
      <object_component id="oc-af">
         <name>.text:_SCIRXINTA_ISR</name>
         <load_address>0x3f6455</load_address>
         <run_address>0x3f6455</run_address>
         <size>0x5</size>
         <input_file_ref idref="fl-1f"/>
      </object_component>
      <object_component id="oc-b0">
         <name>.text:_SCITXINTA_ISR</name>
         <load_address>0x3f645a</load_address>
         <run_address>0x3f645a</run_address>
         <size>0x5</size>
         <input_file_ref idref="fl-1f"/>
      </object_component>
      <object_component id="oc-ab">
         <name>.text:_SPIRXINTA_ISR</name>
         <load_address>0x3f645f</load_address>
         <run_address>0x3f645f</run_address>
         <size>0x5</size>
         <input_file_ref idref="fl-1f"/>
      </object_component>
      <object_component id="oc-ac">
         <name>.text:_SPITXINTA_ISR</name>
         <load_address>0x3f6464</load_address>
         <run_address>0x3f6464</run_address>
         <size>0x5</size>
         <input_file_ref idref="fl-1f"/>
      </object_component>
      <object_component id="oc-a2">
         <name>.text:_TINT0_ISR</name>
         <load_address>0x3f6469</load_address>
         <run_address>0x3f6469</run_address>
         <size>0x5</size>
         <input_file_ref idref="fl-1f"/>
      </object_component>
      <object_component id="oc-99">
         <name>.text:_USER10_ISR</name>
         <load_address>0x3f646e</load_address>
         <run_address>0x3f646e</run_address>
         <size>0x5</size>
         <input_file_ref idref="fl-1f"/>
      </object_component>
      <object_component id="oc-9a">
         <name>.text:_USER11_ISR</name>
         <load_address>0x3f6473</load_address>
         <run_address>0x3f6473</run_address>
         <size>0x5</size>
         <input_file_ref idref="fl-1f"/>
      </object_component>
      <object_component id="oc-9b">
         <name>.text:_USER12_ISR</name>
         <load_address>0x3f6478</load_address>
         <run_address>0x3f6478</run_address>
         <size>0x5</size>
         <input_file_ref idref="fl-1f"/>
      </object_component>
      <object_component id="oc-90">
         <name>.text:_USER1_ISR</name>
         <load_address>0x3f647d</load_address>
         <run_address>0x3f647d</run_address>
         <size>0x5</size>
         <input_file_ref idref="fl-1f"/>
      </object_component>
      <object_component id="oc-91">
         <name>.text:_USER2_ISR</name>
         <load_address>0x3f6482</load_address>
         <run_address>0x3f6482</run_address>
         <size>0x5</size>
         <input_file_ref idref="fl-1f"/>
      </object_component>
      <object_component id="oc-92">
         <name>.text:_USER3_ISR</name>
         <load_address>0x3f6487</load_address>
         <run_address>0x3f6487</run_address>
         <size>0x5</size>
         <input_file_ref idref="fl-1f"/>
      </object_component>
      <object_component id="oc-93">
         <name>.text:_USER4_ISR</name>
         <load_address>0x3f648c</load_address>
         <run_address>0x3f648c</run_address>
         <size>0x5</size>
         <input_file_ref idref="fl-1f"/>
      </object_component>
      <object_component id="oc-94">
         <name>.text:_USER5_ISR</name>
         <load_address>0x3f6491</load_address>
         <run_address>0x3f6491</run_address>
         <size>0x5</size>
         <input_file_ref idref="fl-1f"/>
      </object_component>
      <object_component id="oc-95">
         <name>.text:_USER6_ISR</name>
         <load_address>0x3f6496</load_address>
         <run_address>0x3f6496</run_address>
         <size>0x5</size>
         <input_file_ref idref="fl-1f"/>
      </object_component>
      <object_component id="oc-96">
         <name>.text:_USER7_ISR</name>
         <load_address>0x3f649b</load_address>
         <run_address>0x3f649b</run_address>
         <size>0x5</size>
         <input_file_ref idref="fl-1f"/>
      </object_component>
      <object_component id="oc-97">
         <name>.text:_USER8_ISR</name>
         <load_address>0x3f64a0</load_address>
         <run_address>0x3f64a0</run_address>
         <size>0x5</size>
         <input_file_ref idref="fl-1f"/>
      </object_component>
      <object_component id="oc-98">
         <name>.text:_USER9_ISR</name>
         <load_address>0x3f64a5</load_address>
         <run_address>0x3f64a5</run_address>
         <size>0x5</size>
         <input_file_ref idref="fl-1f"/>
      </object_component>
      <object_component id="oc-a3">
         <name>.text:_WAKEINT_ISR</name>
         <load_address>0x3f64aa</load_address>
         <run_address>0x3f64aa</run_address>
         <size>0x5</size>
         <input_file_ref idref="fl-1f"/>
      </object_component>
      <object_component id="oc-9f">
         <name>.text:_XINT1_ISR</name>
         <load_address>0x3f64af</load_address>
         <run_address>0x3f64af</run_address>
         <size>0x5</size>
         <input_file_ref idref="fl-1f"/>
      </object_component>
      <object_component id="oc-a0">
         <name>.text:_XINT2_ISR</name>
         <load_address>0x3f64b4</load_address>
         <run_address>0x3f64b4</run_address>
         <size>0x5</size>
         <input_file_ref idref="fl-1f"/>
      </object_component>
      <object_component id="oc-b7">
         <name>.text:_XINT3_ISR</name>
         <load_address>0x3f64b9</load_address>
         <run_address>0x3f64b9</run_address>
         <size>0x5</size>
         <input_file_ref idref="fl-1f"/>
      </object_component>
      <object_component id="oc-9e">
         <name>.text:_rsvd_ISR</name>
         <load_address>0x3f64be</load_address>
         <run_address>0x3f64be</run_address>
         <size>0x5</size>
         <input_file_ref idref="fl-1f"/>
      </object_component>
      <object_component id="oc-71">
         <name>.text:_CPU_enableInt</name>
         <load_address>0x3f64c3</load_address>
         <run_address>0x3f64c3</run_address>
         <size>0x4</size>
         <input_file_ref idref="fl-1c"/>
      </object_component>
      <object_component id="oc-5e">
         <name>.text:_CPU_init</name>
         <load_address>0x3f64c7</load_address>
         <run_address>0x3f64c7</run_address>
         <size>0x4</size>
         <input_file_ref idref="fl-1c"/>
      </object_component>
      <object_component id="oc-6c">
         <name>.text:_CPU_clearIntFlags</name>
         <load_address>0x3f64cb</load_address>
         <run_address>0x3f64cb</run_address>
         <size>0x3</size>
         <input_file_ref idref="fl-1c"/>
      </object_component>
      <object_component id="oc-6b">
         <name>.text:_CPU_disableGlobalInts</name>
         <load_address>0x3f64ce</load_address>
         <run_address>0x3f64ce</run_address>
         <size>0x3</size>
         <input_file_ref idref="fl-1c"/>
      </object_component>
      <object_component id="oc-81">
         <name>.text:_CPU_enableDebugInt</name>
         <load_address>0x3f64d1</load_address>
         <run_address>0x3f64d1</run_address>
         <size>0x3</size>
         <input_file_ref idref="fl-1c"/>
      </object_component>
      <object_component id="oc-79">
         <name>.text:_CPU_enableGlobalInts</name>
         <load_address>0x3f64d4</load_address>
         <run_address>0x3f64d4</run_address>
         <size>0x3</size>
         <input_file_ref idref="fl-1c"/>
      </object_component>
      <object_component id="oc-69">
         <name>.text:_PIE_disable</name>
         <load_address>0x3f64d7</load_address>
         <run_address>0x3f64d7</run_address>
         <size>0x3</size>
         <input_file_ref idref="fl-19"/>
      </object_component>
      <object_component id="oc-6e">
         <name>.text:_PIE_enable</name>
         <load_address>0x3f64da</load_address>
         <run_address>0x3f64da</run_address>
         <size>0x3</size>
         <input_file_ref idref="fl-19"/>
      </object_component>
      <object_component id="oc-80">
         <name>.text:_PIE_enableTimer0Int</name>
         <load_address>0x3f64dd</load_address>
         <run_address>0x3f64dd</run_address>
         <size>0x3</size>
         <input_file_ref idref="fl-19"/>
      </object_component>
      <object_component id="oc-83">
         <name>.text:_PLL_getClkStatus</name>
         <load_address>0x3f64e0</load_address>
         <run_address>0x3f64e0</run_address>
         <size>0x3</size>
         <input_file_ref idref="fl-18"/>
      </object_component>
      <object_component id="oc-86">
         <name>.text:_PLL_getLockStatus</name>
         <load_address>0x3f64e3</load_address>
         <run_address>0x3f64e3</run_address>
         <size>0x3</size>
         <input_file_ref idref="fl-18"/>
      </object_component>
      <object_component id="oc-77">
         <name>.text:_TIMER_enableInt</name>
         <load_address>0x3f64e6</load_address>
         <run_address>0x3f64e6</run_address>
         <size>0x3</size>
         <input_file_ref idref="fl-17"/>
      </object_component>
      <object_component id="oc-75">
         <name>.text:_TIMER_reload</name>
         <load_address>0x3f64e9</load_address>
         <run_address>0x3f64e9</run_address>
         <size>0x3</size>
         <input_file_ref idref="fl-17"/>
      </object_component>
      <object_component id="oc-78">
         <name>.text:_TIMER_start</name>
         <load_address>0x3f64ec</load_address>
         <run_address>0x3f64ec</run_address>
         <size>0x3</size>
         <input_file_ref idref="fl-17"/>
      </object_component>
      <object_component id="oc-72">
         <name>.text:_TIMER_stop</name>
         <load_address>0x3f64ef</load_address>
         <run_address>0x3f64ef</run_address>
         <size>0x3</size>
         <input_file_ref idref="fl-17"/>
      </object_component>
      <object_component id="oc-73">
         <name>.text:_TIMER_setPeriod</name>
         <load_address>0x3f64f2</load_address>
         <run_address>0x3f64f2</run_address>
         <size>0x2</size>
         <input_file_ref idref="fl-17"/>
      </object_component>
      <object_component id="oc-1b">
         <name>.stack</name>
         <uninitialized>true</uninitialized>
         <run_address>0x50</run_address>
         <size>0x0</size>
         <input_file_ref idref="fl-12"/>
      </object_component>
      <object_component id="oc-d1">
         <name>.stack</name>
         <uninitialized>true</uninitialized>
         <run_address>0x50</run_address>
         <size>0x0</size>
      </object_component>
      <object_component id="oc-16">
         <name>.ebss</name>
         <uninitialized>true</uninitialized>
         <run_address>0x8800</run_address>
         <size>0xe</size>
         <input_file_ref idref="fl-2"/>
      </object_component>
      <object_component id="oc-23">
         <name>.ebss</name>
         <uninitialized>true</uninitialized>
         <run_address>0x8812</run_address>
         <size>0x4</size>
         <input_file_ref idref="fl-13"/>
      </object_component>
      <object_component id="oc-2a">
         <name>.ebss</name>
         <uninitialized>true</uninitialized>
         <run_address>0x880e</run_address>
         <size>0x4</size>
         <input_file_ref idref="fl-14"/>
      </object_component>
      <object_component id="oc-4c">
         <name>.ebss</name>
         <uninitialized>true</uninitialized>
         <run_address>0x8816</run_address>
         <size>0x1</size>
         <input_file_ref idref="fl-1c"/>
      </object_component>
      <object_component id="oc-87">
         <name>.econst:_PIE_tableDebugInit</name>
         <load_address>0x3f64f4</load_address>
         <run_address>0x3f64f4</run_address>
         <size>0x100</size>
         <input_file_ref idref="fl-19"/>
      </object_component>
      <object_component id="oc-1c">
         <name>.reset</name>
         <load_address>0x3fffc0</load_address>
         <run_address>0x3fffc0</run_address>
         <size>0x2</size>
         <input_file_ref idref="fl-12"/>
      </object_component>
      <object_component id="oc-14">
         <name>.debug_info</name>
         <load_address>0x0</load_address>
         <run_address>0x0</run_address>
         <size>0x37a1</size>
         <input_file_ref idref="fl-2"/>
      </object_component>
      <object_component id="oc-1d">
         <name>.debug_info</name>
         <load_address>0x37a1</load_address>
         <run_address>0x37a1</run_address>
         <size>0xde</size>
         <input_file_ref idref="fl-12"/>
      </object_component>
      <object_component id="oc-21">
         <name>.debug_info</name>
         <load_address>0x387f</load_address>
         <run_address>0x387f</run_address>
         <size>0x3d6</size>
         <input_file_ref idref="fl-13"/>
      </object_component>
      <object_component id="oc-28">
         <name>.debug_info</name>
         <load_address>0x3c55</load_address>
         <run_address>0x3c55</run_address>
         <size>0x3fc</size>
         <input_file_ref idref="fl-14"/>
      </object_component>
      <object_component id="oc-2f">
         <name>.debug_info</name>
         <load_address>0x4051</load_address>
         <run_address>0x4051</run_address>
         <size>0x3bd</size>
         <input_file_ref idref="fl-15"/>
      </object_component>
      <object_component id="oc-33">
         <name>.debug_info</name>
         <load_address>0x440e</load_address>
         <run_address>0x440e</run_address>
         <size>0x7f6</size>
         <input_file_ref idref="fl-16"/>
      </object_component>
      <object_component id="oc-37">
         <name>.debug_info</name>
         <load_address>0x4c04</load_address>
         <run_address>0x4c04</run_address>
         <size>0xe5d</size>
         <input_file_ref idref="fl-17"/>
      </object_component>
      <object_component id="oc-3b">
         <name>.debug_info</name>
         <load_address>0x5a61</load_address>
         <run_address>0x5a61</run_address>
         <size>0xed2</size>
         <input_file_ref idref="fl-18"/>
      </object_component>
      <object_component id="oc-3f">
         <name>.debug_info</name>
         <load_address>0x6933</load_address>
         <run_address>0x6933</run_address>
         <size>0x31e7</size>
         <input_file_ref idref="fl-19"/>
      </object_component>
      <object_component id="oc-43">
         <name>.debug_info</name>
         <load_address>0x9b1a</load_address>
         <run_address>0x9b1a</run_address>
         <size>0x1d8c</size>
         <input_file_ref idref="fl-1a"/>
      </object_component>
      <object_component id="oc-47">
         <name>.debug_info</name>
         <load_address>0xb8a6</load_address>
         <run_address>0xb8a6</run_address>
         <size>0xcaf</size>
         <input_file_ref idref="fl-1b"/>
      </object_component>
      <object_component id="oc-4b">
         <name>.debug_info</name>
         <load_address>0xc555</load_address>
         <run_address>0xc555</run_address>
         <size>0xb3e</size>
         <input_file_ref idref="fl-1c"/>
      </object_component>
      <object_component id="oc-50">
         <name>.debug_info</name>
         <load_address>0xd093</load_address>
         <run_address>0xd093</run_address>
         <size>0xd54</size>
         <input_file_ref idref="fl-1d"/>
      </object_component>
      <object_component id="oc-54">
         <name>.debug_info</name>
         <load_address>0xdde7</load_address>
         <run_address>0xdde7</run_address>
         <size>0x1c94</size>
         <input_file_ref idref="fl-1e"/>
      </object_component>
      <object_component id="oc-58">
         <name>.debug_info</name>
         <load_address>0xfa7b</load_address>
         <run_address>0xfa7b</run_address>
         <size>0x5348</size>
         <input_file_ref idref="fl-1f"/>
      </object_component>
      <object_component id="oc-d2">
         <name>.debug_info</name>
         <load_address>0x14dc3</load_address>
         <run_address>0x14dc3</run_address>
         <size>0x6f</size>
      </object_component>
      <object_component id="oc-18">
         <name>.debug_frame</name>
         <load_address>0x0</load_address>
         <run_address>0x0</run_address>
         <size>0x157</size>
         <input_file_ref idref="fl-2"/>
      </object_component>
      <object_component id="oc-24">
         <name>.debug_frame</name>
         <load_address>0x157</load_address>
         <run_address>0x157</run_address>
         <size>0x9d</size>
         <input_file_ref idref="fl-13"/>
      </object_component>
      <object_component id="oc-2b">
         <name>.debug_frame</name>
         <load_address>0x1f4</load_address>
         <run_address>0x1f4</run_address>
         <size>0xac</size>
         <input_file_ref idref="fl-14"/>
      </object_component>
      <object_component id="oc-30">
         <name>.debug_frame</name>
         <load_address>0x2a0</load_address>
         <run_address>0x2a0</run_address>
         <size>0x7c</size>
         <input_file_ref idref="fl-15"/>
      </object_component>
      <object_component id="oc-34">
         <name>.debug_frame</name>
         <load_address>0x31c</load_address>
         <run_address>0x31c</run_address>
         <size>0x92</size>
         <input_file_ref idref="fl-16"/>
      </object_component>
      <object_component id="oc-38">
         <name>.debug_frame</name>
         <load_address>0x3ae</load_address>
         <run_address>0x3ae</run_address>
         <size>0x122</size>
         <input_file_ref idref="fl-17"/>
      </object_component>
      <object_component id="oc-3c">
         <name>.debug_frame</name>
         <load_address>0x4d0</load_address>
         <run_address>0x4d0</run_address>
         <size>0xf2</size>
         <input_file_ref idref="fl-18"/>
      </object_component>
      <object_component id="oc-40">
         <name>.debug_frame</name>
         <load_address>0x5c2</load_address>
         <run_address>0x5c2</run_address>
         <size>0x152</size>
         <input_file_ref idref="fl-19"/>
      </object_component>
      <object_component id="oc-44">
         <name>.debug_frame</name>
         <load_address>0x714</load_address>
         <run_address>0x714</run_address>
         <size>0xf2</size>
         <input_file_ref idref="fl-1a"/>
      </object_component>
      <object_component id="oc-48">
         <name>.debug_frame</name>
         <load_address>0x806</load_address>
         <run_address>0x806</run_address>
         <size>0x7a</size>
         <input_file_ref idref="fl-1b"/>
      </object_component>
      <object_component id="oc-4d">
         <name>.debug_frame</name>
         <load_address>0x880</load_address>
         <run_address>0x880</run_address>
         <size>0xf2</size>
         <input_file_ref idref="fl-1c"/>
      </object_component>
      <object_component id="oc-51">
         <name>.debug_frame</name>
         <load_address>0x972</load_address>
         <run_address>0x972</run_address>
         <size>0xaa</size>
         <input_file_ref idref="fl-1d"/>
      </object_component>
      <object_component id="oc-55">
         <name>.debug_frame</name>
         <load_address>0xa1c</load_address>
         <run_address>0xa1c</run_address>
         <size>0x7a</size>
         <input_file_ref idref="fl-1e"/>
      </object_component>
      <object_component id="oc-59">
         <name>.debug_frame</name>
         <load_address>0xa96</load_address>
         <run_address>0xa96</run_address>
         <size>0x512</size>
         <input_file_ref idref="fl-1f"/>
      </object_component>
      <object_component id="oc-19">
         <name>.debug_line</name>
         <load_address>0x0</load_address>
         <run_address>0x0</run_address>
         <size>0x11b</size>
         <input_file_ref idref="fl-2"/>
      </object_component>
      <object_component id="oc-1e">
         <name>.debug_line</name>
         <load_address>0x11b</load_address>
         <run_address>0x11b</run_address>
         <size>0x70</size>
         <input_file_ref idref="fl-12"/>
      </object_component>
      <object_component id="oc-25">
         <name>.debug_line</name>
         <load_address>0x18b</load_address>
         <run_address>0x18b</run_address>
         <size>0x5a</size>
         <input_file_ref idref="fl-13"/>
      </object_component>
      <object_component id="oc-2c">
         <name>.debug_line</name>
         <load_address>0x1e5</load_address>
         <run_address>0x1e5</run_address>
         <size>0x5b</size>
         <input_file_ref idref="fl-14"/>
      </object_component>
      <object_component id="oc-31">
         <name>.debug_line</name>
         <load_address>0x240</load_address>
         <run_address>0x240</run_address>
         <size>0x56</size>
         <input_file_ref idref="fl-15"/>
      </object_component>
      <object_component id="oc-35">
         <name>.debug_line</name>
         <load_address>0x296</load_address>
         <run_address>0x296</run_address>
         <size>0xb1</size>
         <input_file_ref idref="fl-16"/>
      </object_component>
      <object_component id="oc-39">
         <name>.debug_line</name>
         <load_address>0x347</load_address>
         <run_address>0x347</run_address>
         <size>0x156</size>
         <input_file_ref idref="fl-17"/>
      </object_component>
      <object_component id="oc-3d">
         <name>.debug_line</name>
         <load_address>0x49d</load_address>
         <run_address>0x49d</run_address>
         <size>0x131</size>
         <input_file_ref idref="fl-18"/>
      </object_component>
      <object_component id="oc-41">
         <name>.debug_line</name>
         <load_address>0x5ce</load_address>
         <run_address>0x5ce</run_address>
         <size>0x1b5</size>
         <input_file_ref idref="fl-19"/>
      </object_component>
      <object_component id="oc-45">
         <name>.debug_line</name>
         <load_address>0x783</load_address>
         <run_address>0x783</run_address>
         <size>0x182</size>
         <input_file_ref idref="fl-1a"/>
      </object_component>
      <object_component id="oc-49">
         <name>.debug_line</name>
         <load_address>0x905</load_address>
         <run_address>0x905</run_address>
         <size>0x92</size>
         <input_file_ref idref="fl-1b"/>
      </object_component>
      <object_component id="oc-4e">
         <name>.debug_line</name>
         <load_address>0x997</load_address>
         <run_address>0x997</run_address>
         <size>0x109</size>
         <input_file_ref idref="fl-1c"/>
      </object_component>
      <object_component id="oc-52">
         <name>.debug_line</name>
         <load_address>0xaa0</load_address>
         <run_address>0xaa0</run_address>
         <size>0xcd</size>
         <input_file_ref idref="fl-1d"/>
      </object_component>
      <object_component id="oc-56">
         <name>.debug_line</name>
         <load_address>0xb6d</load_address>
         <run_address>0xb6d</run_address>
         <size>0x90</size>
         <input_file_ref idref="fl-1e"/>
      </object_component>
      <object_component id="oc-5a">
         <name>.debug_line</name>
         <load_address>0xbfd</load_address>
         <run_address>0xbfd</run_address>
         <size>0x4c6</size>
         <input_file_ref idref="fl-1f"/>
      </object_component>
      <object_component id="oc-1a">
         <name>.debug_abbrev</name>
         <load_address>0x0</load_address>
         <run_address>0x0</run_address>
         <size>0x1c4</size>
         <input_file_ref idref="fl-2"/>
      </object_component>
      <object_component id="oc-1f">
         <name>.debug_abbrev</name>
         <load_address>0x1c4</load_address>
         <run_address>0x1c4</run_address>
         <size>0x43</size>
         <input_file_ref idref="fl-12"/>
      </object_component>
      <object_component id="oc-26">
         <name>.debug_abbrev</name>
         <load_address>0x207</load_address>
         <run_address>0x207</run_address>
         <size>0x10c</size>
         <input_file_ref idref="fl-13"/>
      </object_component>
      <object_component id="oc-2d">
         <name>.debug_abbrev</name>
         <load_address>0x313</load_address>
         <run_address>0x313</run_address>
         <size>0xa9</size>
         <input_file_ref idref="fl-14"/>
      </object_component>
      <object_component id="oc-32">
         <name>.debug_abbrev</name>
         <load_address>0x3bc</load_address>
         <run_address>0x3bc</run_address>
         <size>0xed</size>
         <input_file_ref idref="fl-15"/>
      </object_component>
      <object_component id="oc-36">
         <name>.debug_abbrev</name>
         <load_address>0x4a9</load_address>
         <run_address>0x4a9</run_address>
         <size>0x113</size>
         <input_file_ref idref="fl-16"/>
      </object_component>
      <object_component id="oc-3a">
         <name>.debug_abbrev</name>
         <load_address>0x5bc</load_address>
         <run_address>0x5bc</run_address>
         <size>0x113</size>
         <input_file_ref idref="fl-17"/>
      </object_component>
      <object_component id="oc-3e">
         <name>.debug_abbrev</name>
         <load_address>0x6cf</load_address>
         <run_address>0x6cf</run_address>
         <size>0x191</size>
         <input_file_ref idref="fl-18"/>
      </object_component>
      <object_component id="oc-42">
         <name>.debug_abbrev</name>
         <load_address>0x860</load_address>
         <run_address>0x860</run_address>
         <size>0x1f6</size>
         <input_file_ref idref="fl-19"/>
      </object_component>
      <object_component id="oc-46">
         <name>.debug_abbrev</name>
         <load_address>0xa56</load_address>
         <run_address>0xa56</run_address>
         <size>0x15d</size>
         <input_file_ref idref="fl-1a"/>
      </object_component>
      <object_component id="oc-4a">
         <name>.debug_abbrev</name>
         <load_address>0xbb3</load_address>
         <run_address>0xbb3</run_address>
         <size>0x162</size>
         <input_file_ref idref="fl-1b"/>
      </object_component>
      <object_component id="oc-4f">
         <name>.debug_abbrev</name>
         <load_address>0xd15</load_address>
         <run_address>0xd15</run_address>
         <size>0x113</size>
         <input_file_ref idref="fl-1c"/>
      </object_component>
      <object_component id="oc-53">
         <name>.debug_abbrev</name>
         <load_address>0xe28</load_address>
         <run_address>0xe28</run_address>
         <size>0x166</size>
         <input_file_ref idref="fl-1d"/>
      </object_component>
      <object_component id="oc-57">
         <name>.debug_abbrev</name>
         <load_address>0xf8e</load_address>
         <run_address>0xf8e</run_address>
         <size>0x181</size>
         <input_file_ref idref="fl-1e"/>
      </object_component>
      <object_component id="oc-5b">
         <name>.debug_abbrev</name>
         <load_address>0x110f</load_address>
         <run_address>0x110f</run_address>
         <size>0xdc</size>
         <input_file_ref idref="fl-1f"/>
      </object_component>
      <object_component id="oc-d3">
         <name>.debug_abbrev</name>
         <load_address>0x11eb</load_address>
         <run_address>0x11eb</run_address>
         <size>0xd</size>
      </object_component>
   </object_component_list>
   <logical_group_list>
      <logical_group id="lg-2" display="no" color="cyan">
         <name>.cinit</name>
         <load_address>0x3f65f4</load_address>
         <run_address>0x3f65f4</run_address>
         <size>0x1a</size>
         <contents>
            <object_component_ref idref="oc-29"/>
            <object_component_ref idref="oc-22"/>
            <object_component_ref idref="oc-15"/>
         </contents>
      </logical_group>
      <logical_group id="lg-3" display="no" color="cyan">
         <name>.pinit</name>
         <run_address>0x0</run_address>
         <size>0x0</size>
         <contents>
         </contents>
      </logical_group>
      <logical_group id="lg-4" display="no" color="cyan">
         <name>.text</name>
         <load_address>0x3f6000</load_address>
         <run_address>0x3f6000</run_address>
         <size>0x4f4</size>
         <contents>
            <object_component_ref idref="oc-13"/>
            <object_component_ref idref="oc-7a"/>
            <object_component_ref idref="oc-17"/>
            <object_component_ref idref="oc-12"/>
            <object_component_ref idref="oc-7b"/>
            <object_component_ref idref="oc-7c"/>
            <object_component_ref idref="oc-7f"/>
            <object_component_ref idref="oc-7e"/>
            <object_component_ref idref="oc-2e"/>
            <object_component_ref idref="oc-20"/>
            <object_component_ref idref="oc-68"/>
            <object_component_ref idref="oc-82"/>
            <object_component_ref idref="oc-74"/>
            <object_component_ref idref="oc-6d"/>
            <object_component_ref idref="oc-6a"/>
            <object_component_ref idref="oc-6f"/>
            <object_component_ref idref="oc-7d"/>
            <object_component_ref idref="oc-70"/>
            <object_component_ref idref="oc-27"/>
            <object_component_ref idref="oc-5c"/>
            <object_component_ref idref="oc-61"/>
            <object_component_ref idref="oc-65"/>
            <object_component_ref idref="oc-66"/>
            <object_component_ref idref="oc-5d"/>
            <object_component_ref idref="oc-67"/>
            <object_component_ref idref="oc-5f"/>
            <object_component_ref idref="oc-60"/>
            <object_component_ref idref="oc-62"/>
            <object_component_ref idref="oc-84"/>
            <object_component_ref idref="oc-63"/>
            <object_component_ref idref="oc-76"/>
            <object_component_ref idref="oc-64"/>
            <object_component_ref idref="oc-85"/>
            <object_component_ref idref="oc-9c"/>
            <object_component_ref idref="oc-9d"/>
            <object_component_ref idref="oc-b1"/>
            <object_component_ref idref="oc-b2"/>
            <object_component_ref idref="oc-b3"/>
            <object_component_ref idref="oc-b4"/>
            <object_component_ref idref="oc-b5"/>
            <object_component_ref idref="oc-b6"/>
            <object_component_ref idref="oc-a1"/>
            <object_component_ref idref="oc-8b"/>
            <object_component_ref idref="oc-aa"/>
            <object_component_ref idref="oc-8d"/>
            <object_component_ref idref="oc-a7"/>
            <object_component_ref idref="oc-a4"/>
            <object_component_ref idref="oc-a8"/>
            <object_component_ref idref="oc-a5"/>
            <object_component_ref idref="oc-a9"/>
            <object_component_ref idref="oc-a6"/>
            <object_component_ref idref="oc-ad"/>
            <object_component_ref idref="oc-ae"/>
            <object_component_ref idref="oc-8f"/>
            <object_component_ref idref="oc-89"/>
            <object_component_ref idref="oc-8a"/>
            <object_component_ref idref="oc-8e"/>
            <object_component_ref idref="oc-88"/>
            <object_component_ref idref="oc-8c"/>
            <object_component_ref idref="oc-af"/>
            <object_component_ref idref="oc-b0"/>
            <object_component_ref idref="oc-ab"/>
            <object_component_ref idref="oc-ac"/>
            <object_component_ref idref="oc-a2"/>
            <object_component_ref idref="oc-99"/>
            <object_component_ref idref="oc-9a"/>
            <object_component_ref idref="oc-9b"/>
            <object_component_ref idref="oc-90"/>
            <object_component_ref idref="oc-91"/>
            <object_component_ref idref="oc-92"/>
            <object_component_ref idref="oc-93"/>
            <object_component_ref idref="oc-94"/>
            <object_component_ref idref="oc-95"/>
            <object_component_ref idref="oc-96"/>
            <object_component_ref idref="oc-97"/>
            <object_component_ref idref="oc-98"/>
            <object_component_ref idref="oc-a3"/>
            <object_component_ref idref="oc-9f"/>
            <object_component_ref idref="oc-a0"/>
            <object_component_ref idref="oc-b7"/>
            <object_component_ref idref="oc-9e"/>
            <object_component_ref idref="oc-71"/>
            <object_component_ref idref="oc-5e"/>
            <object_component_ref idref="oc-6c"/>
            <object_component_ref idref="oc-6b"/>
            <object_component_ref idref="oc-81"/>
            <object_component_ref idref="oc-79"/>
            <object_component_ref idref="oc-69"/>
            <object_component_ref idref="oc-6e"/>
            <object_component_ref idref="oc-80"/>
            <object_component_ref idref="oc-83"/>
            <object_component_ref idref="oc-86"/>
            <object_component_ref idref="oc-77"/>
            <object_component_ref idref="oc-75"/>
            <object_component_ref idref="oc-78"/>
            <object_component_ref idref="oc-72"/>
            <object_component_ref idref="oc-73"/>
         </contents>
      </logical_group>
      <logical_group id="lg-5" display="no" color="cyan">
         <name>codestart</name>
         <run_address>0x0</run_address>
         <size>0x0</size>
         <contents>
         </contents>
      </logical_group>
      <logical_group id="lg-6" display="no" color="cyan">
         <name>ramfuncs</name>
         <run_address>0x8000</run_address>
         <size>0x0</size>
         <contents>
         </contents>
      </logical_group>
      <logical_group id="lg-7" display="no" color="cyan">
         <name>csmpasswds</name>
         <run_address>0x0</run_address>
         <size>0x0</size>
         <contents>
         </contents>
      </logical_group>
      <logical_group id="lg-8" display="no" color="cyan">
         <name>csm_rsvd</name>
         <run_address>0x0</run_address>
         <size>0x0</size>
         <contents>
         </contents>
      </logical_group>
      <logical_group id="lg-9" display="no" color="cyan">
         <name>.stack</name>
         <run_address>0x50</run_address>
         <size>0x300</size>
         <contents>
            <object_component_ref idref="oc-1b"/>
            <object_component_ref idref="oc-d1"/>
         </contents>
      </logical_group>
      <logical_group id="lg-a" display="no" color="cyan">
         <name>.ebss</name>
         <run_address>0x8800</run_address>
         <size>0x17</size>
         <contents>
            <object_component_ref idref="oc-16"/>
            <object_component_ref idref="oc-23"/>
            <object_component_ref idref="oc-2a"/>
            <object_component_ref idref="oc-4c"/>
         </contents>
      </logical_group>
      <logical_group id="lg-b" display="no" color="cyan">
         <name>.esysmem</name>
         <run_address>0x0</run_address>
         <size>0x0</size>
         <contents>
         </contents>
      </logical_group>
      <logical_group id="lg-c" display="no" color="cyan">
         <name>.econst</name>
         <load_address>0x3f64f4</load_address>
         <run_address>0x3f64f4</run_address>
         <size>0x100</size>
         <contents>
            <object_component_ref idref="oc-87"/>
         </contents>
      </logical_group>
      <logical_group id="lg-d" display="no" color="cyan">
         <name>.switch</name>
         <run_address>0x0</run_address>
         <size>0x0</size>
         <contents>
         </contents>
      </logical_group>
      <logical_group id="lg-e" display="no" color="cyan">
         <name>IQmath</name>
         <run_address>0x0</run_address>
         <size>0x0</size>
         <contents>
         </contents>
      </logical_group>
      <logical_group id="lg-f" display="no" color="cyan">
         <name>IQmathTables</name>
         <run_address>0x0</run_address>
         <size>0x0</size>
         <contents>
         </contents>
      </logical_group>
      <logical_group id="lg-10" display="no" color="cyan">
         <name>.reset</name>
         <load_address>0x3fffc0</load_address>
         <run_address>0x3fffc0</run_address>
         <size>0x2</size>
         <contents>
            <object_component_ref idref="oc-1c"/>
         </contents>
      </logical_group>
      <logical_group id="lg-11" display="no" color="cyan">
         <name>vectors</name>
         <run_address>0x3fffc2</run_address>
         <size>0x0</size>
         <contents>
         </contents>
      </logical_group>
      <logical_group id="lg-c8" display="never" color="cyan">
         <name>.debug_info</name>
         <load_address>0x0</load_address>
         <run_address>0x0</run_address>
         <size>0x14e32</size>
         <contents>
            <object_component_ref idref="oc-14"/>
            <object_component_ref idref="oc-1d"/>
            <object_component_ref idref="oc-21"/>
            <object_component_ref idref="oc-28"/>
            <object_component_ref idref="oc-2f"/>
            <object_component_ref idref="oc-33"/>
            <object_component_ref idref="oc-37"/>
            <object_component_ref idref="oc-3b"/>
            <object_component_ref idref="oc-3f"/>
            <object_component_ref idref="oc-43"/>
            <object_component_ref idref="oc-47"/>
            <object_component_ref idref="oc-4b"/>
            <object_component_ref idref="oc-50"/>
            <object_component_ref idref="oc-54"/>
            <object_component_ref idref="oc-58"/>
            <object_component_ref idref="oc-d2"/>
         </contents>
      </logical_group>
      <logical_group id="lg-ca" display="never" color="cyan">
         <name>.debug_frame</name>
         <load_address>0x0</load_address>
         <run_address>0x0</run_address>
         <size>0xfa8</size>
         <contents>
            <object_component_ref idref="oc-18"/>
            <object_component_ref idref="oc-24"/>
            <object_component_ref idref="oc-2b"/>
            <object_component_ref idref="oc-30"/>
            <object_component_ref idref="oc-34"/>
            <object_component_ref idref="oc-38"/>
            <object_component_ref idref="oc-3c"/>
            <object_component_ref idref="oc-40"/>
            <object_component_ref idref="oc-44"/>
            <object_component_ref idref="oc-48"/>
            <object_component_ref idref="oc-4d"/>
            <object_component_ref idref="oc-51"/>
            <object_component_ref idref="oc-55"/>
            <object_component_ref idref="oc-59"/>
         </contents>
      </logical_group>
      <logical_group id="lg-cc" display="never" color="cyan">
         <name>.debug_line</name>
         <load_address>0x0</load_address>
         <run_address>0x0</run_address>
         <size>0x10c3</size>
         <contents>
            <object_component_ref idref="oc-19"/>
            <object_component_ref idref="oc-1e"/>
            <object_component_ref idref="oc-25"/>
            <object_component_ref idref="oc-2c"/>
            <object_component_ref idref="oc-31"/>
            <object_component_ref idref="oc-35"/>
            <object_component_ref idref="oc-39"/>
            <object_component_ref idref="oc-3d"/>
            <object_component_ref idref="oc-41"/>
            <object_component_ref idref="oc-45"/>
            <object_component_ref idref="oc-49"/>
            <object_component_ref idref="oc-4e"/>
            <object_component_ref idref="oc-52"/>
            <object_component_ref idref="oc-56"/>
            <object_component_ref idref="oc-5a"/>
         </contents>
      </logical_group>
      <logical_group id="lg-ce" display="never" color="cyan">
         <name>.debug_abbrev</name>
         <load_address>0x0</load_address>
         <run_address>0x0</run_address>
         <size>0x11f8</size>
         <contents>
            <object_component_ref idref="oc-1a"/>
            <object_component_ref idref="oc-1f"/>
            <object_component_ref idref="oc-26"/>
            <object_component_ref idref="oc-2d"/>
            <object_component_ref idref="oc-32"/>
            <object_component_ref idref="oc-36"/>
            <object_component_ref idref="oc-3a"/>
            <object_component_ref idref="oc-3e"/>
            <object_component_ref idref="oc-42"/>
            <object_component_ref idref="oc-46"/>
            <object_component_ref idref="oc-4a"/>
            <object_component_ref idref="oc-4f"/>
            <object_component_ref idref="oc-53"/>
            <object_component_ref idref="oc-57"/>
            <object_component_ref idref="oc-5b"/>
            <object_component_ref idref="oc-d3"/>
         </contents>
      </logical_group>
   </logical_group_list>
   <placement_map>
      <memory_area display="yes" color="green">
         <name>PRAML0</name>
         <page_id>0x0</page_id>
         <origin>0x8000</origin>
         <length>0x800</length>
         <used_space>0x0</used_space>
         <unused_space>0x800</unused_space>
         <attributes>RWIX</attributes>
         <usage_details>
            <allocated_space>
               <start_address>0x8000</start_address>
               <size>0x0</size>
               <logical_group_ref idref="lg-6"/>
            </allocated_space>
            <available_space>
               <start_address>0x8000</start_address>
               <size>0x800</size>
            </available_space>
         </usage_details>
      </memory_area>
      <memory_area display="yes" color="green">
         <name>OTP</name>
         <page_id>0x0</page_id>
         <origin>0x3d7800</origin>
         <length>0x400</length>
         <used_space>0x0</used_space>
         <unused_space>0x400</unused_space>
         <attributes>RWIX</attributes>
         <usage_details>
         </usage_details>
      </memory_area>
      <memory_area display="yes" color="green">
         <name>FLASHD</name>
         <page_id>0x0</page_id>
         <origin>0x3f0000</origin>
         <length>0x2000</length>
         <used_space>0x0</used_space>
         <unused_space>0x2000</unused_space>
         <attributes>RWIX</attributes>
         <usage_details>
         </usage_details>
      </memory_area>
      <memory_area display="yes" color="green">
         <name>FLASHC</name>
         <page_id>0x0</page_id>
         <origin>0x3f2000</origin>
         <length>0x2000</length>
         <used_space>0x0</used_space>
         <unused_space>0x2000</unused_space>
         <attributes>RWIX</attributes>
         <usage_details>
         </usage_details>
      </memory_area>
      <memory_area display="yes" color="green">
         <name>FLASHA</name>
         <page_id>0x0</page_id>
         <origin>0x3f6000</origin>
         <length>0x1f80</length>
         <used_space>0x60e</used_space>
         <unused_space>0x1972</unused_space>
         <attributes>RWIX</attributes>
         <usage_details>
            <allocated_space>
               <start_address>0x3f6000</start_address>
               <size>0x4f4</size>
               <logical_group_ref idref="lg-4"/>
            </allocated_space>
            <allocated_space>
               <start_address>0x3f64f4</start_address>
               <size>0x100</size>
               <logical_group_ref idref="lg-c"/>
            </allocated_space>
            <allocated_space>
               <start_address>0x3f65f4</start_address>
               <size>0x1a</size>
               <logical_group_ref idref="lg-2"/>
            </allocated_space>
            <available_space>
               <start_address>0x3f660e</start_address>
               <size>0x1972</size>
            </available_space>
         </usage_details>
      </memory_area>
      <memory_area display="yes" color="green">
         <name>CSM_RSVD</name>
         <page_id>0x0</page_id>
         <origin>0x3f7f80</origin>
         <length>0x76</length>
         <used_space>0x0</used_space>
         <unused_space>0x76</unused_space>
         <attributes>RWIX</attributes>
         <usage_details>
         </usage_details>
      </memory_area>
      <memory_area display="no" color="green">
         <name>BEGIN</name>
         <page_id>0x0</page_id>
         <origin>0x3f7ff6</origin>
         <length>0x2</length>
         <used_space>0x0</used_space>
         <unused_space>0x2</unused_space>
         <attributes>RWIX</attributes>
         <usage_details>
         </usage_details>
      </memory_area>
      <memory_area display="no" color="green">
         <name>CSM_PWL_P0</name>
         <page_id>0x0</page_id>
         <origin>0x3f7ff8</origin>
         <length>0x8</length>
         <used_space>0x0</used_space>
         <unused_space>0x8</unused_space>
         <attributes>RWIX</attributes>
         <usage_details>
         </usage_details>
      </memory_area>
      <memory_area display="yes" color="green">
         <name>IQTABLES</name>
         <page_id>0x0</page_id>
         <origin>0x3fe000</origin>
         <length>0xb50</length>
         <used_space>0x0</used_space>
         <unused_space>0xb50</unused_space>
         <attributes>RWIX</attributes>
         <usage_details>
         </usage_details>
      </memory_area>
      <memory_area display="yes" color="green">
         <name>IQTABLES2</name>
         <page_id>0x0</page_id>
         <origin>0x3feb50</origin>
         <length>0x8c</length>
         <used_space>0x0</used_space>
         <unused_space>0x8c</unused_space>
         <attributes>RWIX</attributes>
         <usage_details>
         </usage_details>
      </memory_area>
      <memory_area display="yes" color="green">
         <name>IQTABLES3</name>
         <page_id>0x0</page_id>
         <origin>0x3febdc</origin>
         <length>0xaa</length>
         <used_space>0x0</used_space>
         <unused_space>0xaa</unused_space>
         <attributes>RWIX</attributes>
         <usage_details>
         </usage_details>
      </memory_area>
      <memory_area display="yes" color="green">
         <name>ROM</name>
         <page_id>0x0</page_id>
         <origin>0x3ff27c</origin>
         <length>0xd44</length>
         <used_space>0x0</used_space>
         <unused_space>0xd44</unused_space>
         <attributes>RWIX</attributes>
         <usage_details>
         </usage_details>
      </memory_area>
      <memory_area display="no" color="green">
         <name>RESET</name>
         <page_id>0x0</page_id>
         <origin>0x3fffc0</origin>
         <length>0x2</length>
         <used_space>0x0</used_space>
         <unused_space>0x2</unused_space>
         <attributes>RWIX</attributes>
         <usage_details>
         </usage_details>
      </memory_area>
      <memory_area display="no" color="green">
         <name>VECTORS</name>
         <page_id>0x0</page_id>
         <origin>0x3fffc2</origin>
         <length>0x3e</length>
         <used_space>0x0</used_space>
         <unused_space>0x3e</unused_space>
         <attributes>RWIX</attributes>
         <usage_details>
         </usage_details>
      </memory_area>
      <memory_area display="no" color="green">
         <name>BOOT_RSVD</name>
         <page_id>0x1</page_id>
         <origin>0x0</origin>
         <length>0x50</length>
         <used_space>0x0</used_space>
         <unused_space>0x50</unused_space>
         <attributes>RWIX</attributes>
         <usage_details>
         </usage_details>
      </memory_area>
      <memory_area display="yes" color="green">
         <name>RAMM0</name>
         <page_id>0x1</page_id>
         <origin>0x50</origin>
         <length>0x3b0</length>
         <used_space>0x300</used_space>
         <unused_space>0xb0</unused_space>
         <attributes>RWIX</attributes>
         <usage_details>
            <allocated_space>
               <start_address>0x50</start_address>
               <size>0x300</size>
               <logical_group_ref idref="lg-9"/>
            </allocated_space>
            <available_space>
               <start_address>0x350</start_address>
               <size>0xb0</size>
            </available_space>
         </usage_details>
      </memory_area>
      <memory_area display="yes" color="green">
         <name>RAMM1</name>
         <page_id>0x1</page_id>
         <origin>0x400</origin>
         <length>0x400</length>
         <used_space>0x0</used_space>
         <unused_space>0x400</unused_space>
         <attributes>RWIX</attributes>
         <usage_details>
         </usage_details>
      </memory_area>
      <memory_area display="yes" color="green">
         <name>DRAML0</name>
         <page_id>0x1</page_id>
         <origin>0x8800</origin>
         <length>0x800</length>
         <used_space>0x17</used_space>
         <unused_space>0x7e9</unused_space>
         <attributes>RWIX</attributes>
         <usage_details>
            <allocated_space>
               <start_address>0x8800</start_address>
               <size>0x17</size>
               <logical_group_ref idref="lg-a"/>
            </allocated_space>
            <available_space>
               <start_address>0x8817</start_address>
               <size>0x7e9</size>
            </available_space>
         </usage_details>
      </memory_area>
      <memory_area display="yes" color="green">
         <name>FLASHB</name>
         <page_id>0x1</page_id>
         <origin>0x3f4000</origin>
         <length>0x2000</length>
         <used_space>0x0</used_space>
         <unused_space>0x2000</unused_space>
         <attributes>RWIX</attributes>
         <usage_details>
         </usage_details>
      </memory_area>
   </placement_map>
   <symbol_table>
      <symbol id="sm-0">
         <name>_RamfuncsLoadStart</name>
         <value>0x8000</value>
      </symbol>
      <symbol id="sm-1">
         <name>_RamfuncsLoadEnd</name>
         <value>0x8000</value>
      </symbol>
      <symbol id="sm-2">
         <name>_RamfuncsRunStart</name>
         <value>0x8000</value>
      </symbol>
      <symbol id="sm-3">
         <name>cinit</name>
         <value>0x3f65f4</value>
      </symbol>
      <symbol id="sm-4">
         <name>___cinit__</name>
         <value>0x3f65f4</value>
      </symbol>
      <symbol id="sm-5">
         <name>pinit</name>
         <value>0xffffffff</value>
      </symbol>
      <symbol id="sm-6">
         <name>___pinit__</name>
         <value>0xffffffff</value>
      </symbol>
      <symbol id="sm-7">
         <name>binit</name>
         <value>0xffffffff</value>
      </symbol>
      <symbol id="sm-8">
         <name>___binit__</name>
         <value>0xffffffff</value>
      </symbol>
      <symbol id="sm-9">
         <name>__STACK_SIZE</name>
         <value>0x300</value>
      </symbol>
      <symbol id="sm-a">
         <name>__STACK_END</name>
         <value>0x350</value>
      </symbol>
      <symbol id="sm-b">
         <name>___c_args__</name>
         <value>0xffffffff</value>
      </symbol>
      <symbol id="sm-c">
         <name>.text</name>
         <value>0x3f6000</value>
      </symbol>
      <symbol id="sm-d">
         <name>___text__</name>
         <value>0x3f6000</value>
      </symbol>
      <symbol id="sm-e">
         <name>etext</name>
         <value>0x3f64f4</value>
      </symbol>
      <symbol id="sm-f">
         <name>___etext__</name>
         <value>0x3f64f4</value>
      </symbol>
      <symbol id="sm-49">
         <name>_interruptCount</name>
         <value>0x8800</value>
         <object_component_ref idref="oc-16"/>
      </symbol>
      <symbol id="sm-4a">
         <name>_main</name>
         <value>0x3f600c</value>
         <object_component_ref idref="oc-13"/>
      </symbol>
      <symbol id="sm-4b">
         <name>_cpu_timer0_isr</name>
         <value>0x3f61ae</value>
         <object_component_ref idref="oc-17"/>
      </symbol>
      <symbol id="sm-4c">
         <name>_myPie</name>
         <value>0x8802</value>
         <object_component_ref idref="oc-16"/>
      </symbol>
      <symbol id="sm-4d">
         <name>_xint1_isr</name>
         <value>0x3f6184</value>
         <object_component_ref idref="oc-17"/>
      </symbol>
      <symbol id="sm-4e">
         <name>_myAdc</name>
         <value>0x880c</value>
         <object_component_ref idref="oc-16"/>
      </symbol>
      <symbol id="sm-4f">
         <name>_myGpio</name>
         <value>0x8806</value>
         <object_component_ref idref="oc-16"/>
      </symbol>
      <symbol id="sm-50">
         <name>_myClk</name>
         <value>0x8808</value>
         <object_component_ref idref="oc-16"/>
      </symbol>
      <symbol id="sm-51">
         <name>_myFlash</name>
         <value>0x880a</value>
         <object_component_ref idref="oc-16"/>
      </symbol>
      <symbol id="sm-52">
         <name>_myTimer</name>
         <value>0x8804</value>
         <object_component_ref idref="oc-16"/>
      </symbol>
      <symbol id="sm-66">
         <name>_c_int00</name>
         <value>0x3f61cd</value>
         <object_component_ref idref="oc-12"/>
      </symbol>
      <symbol id="sm-67">
         <name>__stack</name>
         <value>0x50</value>
         <object_component_ref idref="oc-1b"/>
      </symbol>
      <symbol id="sm-78">
         <name>C$$EXIT</name>
         <value>0x3f62ce</value>
         <object_component_ref idref="oc-20"/>
      </symbol>
      <symbol id="sm-79">
         <name>_exit</name>
         <value>0x3f62d0</value>
         <object_component_ref idref="oc-20"/>
      </symbol>
      <symbol id="sm-7a">
         <name>___TI_cleanup_ptr</name>
         <value>0x8812</value>
         <object_component_ref idref="oc-23"/>
      </symbol>
      <symbol id="sm-7b">
         <name>_abort</name>
         <value>0x3f62ce</value>
         <object_component_ref idref="oc-20"/>
      </symbol>
      <symbol id="sm-7c">
         <name>___TI_dtors_ptr</name>
         <value>0x8814</value>
         <object_component_ref idref="oc-23"/>
      </symbol>
      <symbol id="sm-8a">
         <name>__unlock</name>
         <value>0x880e</value>
         <object_component_ref idref="oc-2a"/>
      </symbol>
      <symbol id="sm-8b">
         <name>__lock</name>
         <value>0x8810</value>
         <object_component_ref idref="oc-2a"/>
      </symbol>
      <symbol id="sm-8c">
         <name>__register_lock</name>
         <value>0x3f636a</value>
         <object_component_ref idref="oc-27"/>
      </symbol>
      <symbol id="sm-8d">
         <name>__nop</name>
         <value>0x3f636e</value>
         <object_component_ref idref="oc-27"/>
      </symbol>
      <symbol id="sm-8e">
         <name>__register_unlock</name>
         <value>0x3f6366</value>
         <object_component_ref idref="oc-27"/>
      </symbol>
      <symbol id="sm-9a">
         <name>__args_main</name>
         <value>0x3f62b5</value>
         <object_component_ref idref="oc-2e"/>
      </symbol>
      <symbol id="sm-9b">
         <name>__TI_args_main</name>
         <value>0x1</value>
      </symbol>
      <symbol id="sm-a8">
         <name>_WDOG_init</name>
         <value>0x3f63c6</value>
         <object_component_ref idref="oc-64"/>
      </symbol>
      <symbol id="sm-a9">
         <name>_WDOG_disable</name>
         <value>0x3f637f</value>
         <object_component_ref idref="oc-65"/>
      </symbol>
      <symbol id="sm-c2">
         <name>_TIMER_setEmulationMode</name>
         <value>0x3f63bf</value>
         <object_component_ref idref="oc-76"/>
      </symbol>
      <symbol id="sm-c3">
         <name>_TIMER_start</name>
         <value>0x3f64ec</value>
         <object_component_ref idref="oc-78"/>
      </symbol>
      <symbol id="sm-c4">
         <name>_TIMER_setPreScaler</name>
         <value>0x3f630f</value>
         <object_component_ref idref="oc-74"/>
      </symbol>
      <symbol id="sm-c5">
         <name>_TIMER_setPeriod</name>
         <value>0x3f64f2</value>
         <object_component_ref idref="oc-73"/>
      </symbol>
      <symbol id="sm-c6">
         <name>_TIMER_init</name>
         <value>0x3f63b8</value>
         <object_component_ref idref="oc-63"/>
      </symbol>
      <symbol id="sm-c7">
         <name>_TIMER_reload</name>
         <value>0x3f64e9</value>
         <object_component_ref idref="oc-75"/>
      </symbol>
      <symbol id="sm-c8">
         <name>_TIMER_enableInt</name>
         <value>0x3f64e6</value>
         <object_component_ref idref="oc-77"/>
      </symbol>
      <symbol id="sm-c9">
         <name>_TIMER_stop</name>
         <value>0x3f64ef</value>
         <object_component_ref idref="oc-72"/>
      </symbol>
      <symbol id="sm-e2">
         <name>_PLL_getClkStatus</name>
         <value>0x3f64e0</value>
         <object_component_ref idref="oc-83"/>
      </symbol>
      <symbol id="sm-e3">
         <name>_PLL_setDivider</name>
         <value>0x3f63b1</value>
         <object_component_ref idref="oc-84"/>
      </symbol>
      <symbol id="sm-e4">
         <name>_PLL_init</name>
         <value>0x3f63aa</value>
         <object_component_ref idref="oc-62"/>
      </symbol>
      <symbol id="sm-e5">
         <name>_PLL_getLockStatus</name>
         <value>0x3f64e3</value>
         <object_component_ref idref="oc-86"/>
      </symbol>
      <symbol id="sm-e6">
         <name>_PLL_setup</name>
         <value>0x3f62e7</value>
         <object_component_ref idref="oc-68"/>
      </symbol>
      <symbol id="sm-e7">
         <name>_PLL_setMultiplier</name>
         <value>0x3f63cd</value>
         <object_component_ref idref="oc-85"/>
      </symbol>
      <symbol id="sm-110">
         <name>_PIE_enable</name>
         <value>0x3f64da</value>
         <object_component_ref idref="oc-6e"/>
      </symbol>
      <symbol id="sm-111">
         <name>_PIE_setExtIntPolarity</name>
         <value>0x3f629c</value>
         <object_component_ref idref="oc-7e"/>
      </symbol>
      <symbol id="sm-112">
         <name>_PIE_disableAllInts</name>
         <value>0x3f6333</value>
         <object_component_ref idref="oc-6a"/>
      </symbol>
      <symbol id="sm-113">
         <name>_PIE_disable</name>
         <value>0x3f64d7</value>
         <object_component_ref idref="oc-69"/>
      </symbol>
      <symbol id="sm-114">
         <name>_PIE_enableExtInt</name>
         <value>0x3f6279</value>
         <object_component_ref idref="oc-7f"/>
      </symbol>
      <symbol id="sm-115">
         <name>_PIE_enableTimer0Int</name>
         <value>0x3f64dd</value>
         <object_component_ref idref="oc-80"/>
      </symbol>
      <symbol id="sm-116">
         <name>_PIE_registerPieIntHandler</name>
         <value>0x3f6342</value>
         <object_component_ref idref="oc-6f"/>
      </symbol>
      <symbol id="sm-117">
         <name>_PIE_init</name>
         <value>0x3f6377</value>
         <object_component_ref idref="oc-61"/>
      </symbol>
      <symbol id="sm-118">
         <name>_PIE_setDebugIntVectorTable</name>
         <value>0x3f6322</value>
         <object_component_ref idref="oc-6d"/>
      </symbol>
      <symbol id="sm-119">
         <name>_PIE_enableInt</name>
         <value>0x3f635c</value>
         <object_component_ref idref="oc-70"/>
      </symbol>
      <symbol id="sm-11a">
         <name>_PIE_tableDebugInit</name>
         <value>0x3f64f4</value>
         <object_component_ref idref="oc-87"/>
      </symbol>
      <symbol id="sm-138">
         <name>_GPIO_setExtInt</name>
         <value>0x3f6351</value>
         <object_component_ref idref="oc-7d"/>
      </symbol>
      <symbol id="sm-139">
         <name>_GPIO_toggle</name>
         <value>0x3f62fc</value>
         <object_component_ref idref="oc-82"/>
      </symbol>
      <symbol id="sm-13a">
         <name>_GPIO_setMode</name>
         <value>0x3f613b</value>
         <object_component_ref idref="oc-7a"/>
      </symbol>
      <symbol id="sm-13b">
         <name>_GPIO_init</name>
         <value>0x3f63a3</value>
         <object_component_ref idref="oc-60"/>
      </symbol>
      <symbol id="sm-13c">
         <name>_GPIO_setPullUp</name>
         <value>0x3f6245</value>
         <object_component_ref idref="oc-7c"/>
      </symbol>
      <symbol id="sm-13d">
         <name>_GPIO_setDirection</name>
         <value>0x3f6211</value>
         <object_component_ref idref="oc-7b"/>
      </symbol>
      <symbol id="sm-148">
         <name>_FLASH_init</name>
         <value>0x3f639c</value>
         <object_component_ref idref="oc-5f"/>
      </symbol>
      <symbol id="sm-15f">
         <name>_CPU_disableGlobalInts</name>
         <value>0x3f64ce</value>
         <object_component_ref idref="oc-6b"/>
      </symbol>
      <symbol id="sm-160">
         <name>_CPU_enableGlobalInts</name>
         <value>0x3f64d4</value>
         <object_component_ref idref="oc-79"/>
      </symbol>
      <symbol id="sm-161">
         <name>_CPU_clearIntFlags</name>
         <value>0x3f64cb</value>
         <object_component_ref idref="oc-6c"/>
      </symbol>
      <symbol id="sm-162">
         <name>_CPU_init</name>
         <value>0x3f64c7</value>
         <object_component_ref idref="oc-5e"/>
      </symbol>
      <symbol id="sm-163">
         <name>_cpu</name>
         <value>0x8816</value>
         <object_component_ref idref="oc-4c"/>
      </symbol>
      <symbol id="sm-164">
         <name>_CPU_enableDebugInt</name>
         <value>0x3f64d1</value>
         <object_component_ref idref="oc-81"/>
      </symbol>
      <symbol id="sm-165">
         <name>_CPU_enableInt</name>
         <value>0x3f64c3</value>
         <object_component_ref idref="oc-71"/>
      </symbol>
      <symbol id="sm-174">
         <name>_CLK_enableAdcClock</name>
         <value>0x3f6387</value>
         <object_component_ref idref="oc-66"/>
      </symbol>
      <symbol id="sm-175">
         <name>_CLK_setOscSrc</name>
         <value>0x3f6395</value>
         <object_component_ref idref="oc-67"/>
      </symbol>
      <symbol id="sm-176">
         <name>_CLK_init</name>
         <value>0x3f638e</value>
         <object_component_ref idref="oc-5d"/>
      </symbol>
      <symbol id="sm-181">
         <name>_ADC_init</name>
         <value>0x3f636f</value>
         <object_component_ref idref="oc-5c"/>
      </symbol>
      <symbol id="sm-277">
         <name>_ILLEGAL_ISR</name>
         <value>0x3f6437</value>
         <object_component_ref idref="oc-8f"/>
      </symbol>
      <symbol id="sm-278">
         <name>_ADCINT4_ISR</name>
         <value>0x3f63e2</value>
         <object_component_ref idref="oc-b2"/>
      </symbol>
      <symbol id="sm-279">
         <name>_DATALOG_ISR</name>
         <value>0x3f6400</value>
         <object_component_ref idref="oc-8b"/>
      </symbol>
      <symbol id="sm-27a">
         <name>_SPITXINTA_ISR</name>
         <value>0x3f6464</value>
         <object_component_ref idref="oc-ac"/>
      </symbol>
      <symbol id="sm-27b">
         <name>_SPIRXINTA_ISR</name>
         <value>0x3f645f</value>
         <object_component_ref idref="oc-ab"/>
      </symbol>
      <symbol id="sm-27c">
         <name>_INT13_ISR</name>
         <value>0x3f643c</value>
         <object_component_ref idref="oc-89"/>
      </symbol>
      <symbol id="sm-27d">
         <name>_ADCINT5_ISR</name>
         <value>0x3f63e7</value>
         <object_component_ref idref="oc-b3"/>
      </symbol>
      <symbol id="sm-27e">
         <name>_USER5_ISR</name>
         <value>0x3f6491</value>
         <object_component_ref idref="oc-94"/>
      </symbol>
      <symbol id="sm-27f">
         <name>_EMUINT_ISR</name>
         <value>0x3f640a</value>
         <object_component_ref idref="oc-8d"/>
      </symbol>
      <symbol id="sm-280">
         <name>_ECAP1_INT_ISR</name>
         <value>0x3f6405</value>
         <object_component_ref idref="oc-aa"/>
      </symbol>
      <symbol id="sm-281">
         <name>_EPWM1_TZINT_ISR</name>
         <value>0x3f6414</value>
         <object_component_ref idref="oc-a4"/>
      </symbol>
      <symbol id="sm-282">
         <name>_ADCINT6_ISR</name>
         <value>0x3f63ec</value>
         <object_component_ref idref="oc-b4"/>
      </symbol>
      <symbol id="sm-283">
         <name>_ADCINT8_ISR</name>
         <value>0x3f63f6</value>
         <object_component_ref idref="oc-b6"/>
      </symbol>
      <symbol id="sm-284">
         <name>_USER11_ISR</name>
         <value>0x3f6473</value>
         <object_component_ref idref="oc-9a"/>
      </symbol>
      <symbol id="sm-285">
         <name>_EPWM3_TZINT_ISR</name>
         <value>0x3f6428</value>
         <object_component_ref idref="oc-a6"/>
      </symbol>
      <symbol id="sm-286">
         <name>_USER4_ISR</name>
         <value>0x3f648c</value>
         <object_component_ref idref="oc-93"/>
      </symbol>
      <symbol id="sm-287">
         <name>_EPWM2_TZINT_ISR</name>
         <value>0x3f641e</value>
         <object_component_ref idref="oc-a5"/>
      </symbol>
      <symbol id="sm-288">
         <name>_EPWM2_INT_ISR</name>
         <value>0x3f6419</value>
         <object_component_ref idref="oc-a8"/>
      </symbol>
      <symbol id="sm-289">
         <name>_TINT0_ISR</name>
         <value>0x3f6469</value>
         <object_component_ref idref="oc-a2"/>
      </symbol>
      <symbol id="sm-28a">
         <name>_WAKEINT_ISR</name>
         <value>0x3f64aa</value>
         <object_component_ref idref="oc-a3"/>
      </symbol>
      <symbol id="sm-28b">
         <name>_ADCINT7_ISR</name>
         <value>0x3f63f1</value>
         <object_component_ref idref="oc-b5"/>
      </symbol>
      <symbol id="sm-28c">
         <name>_ADCINT9_ISR</name>
         <value>0x3f63fb</value>
         <object_component_ref idref="oc-a1"/>
      </symbol>
      <symbol id="sm-28d">
         <name>_USER10_ISR</name>
         <value>0x3f646e</value>
         <object_component_ref idref="oc-99"/>
      </symbol>
      <symbol id="sm-28e">
         <name>_USER7_ISR</name>
         <value>0x3f649b</value>
         <object_component_ref idref="oc-96"/>
      </symbol>
      <symbol id="sm-28f">
         <name>_XINT1_ISR</name>
         <value>0x3f64af</value>
         <object_component_ref idref="oc-9f"/>
      </symbol>
      <symbol id="sm-290">
         <name>_INT14_ISR</name>
         <value>0x3f6441</value>
         <object_component_ref idref="oc-8a"/>
      </symbol>
      <symbol id="sm-291">
         <name>_USER6_ISR</name>
         <value>0x3f6496</value>
         <object_component_ref idref="oc-95"/>
      </symbol>
      <symbol id="sm-292">
         <name>_ADCINT1_ISR</name>
         <value>0x3f63d3</value>
         <object_component_ref idref="oc-9c"/>
      </symbol>
      <symbol id="sm-293">
         <name>_USER12_ISR</name>
         <value>0x3f6478</value>
         <object_component_ref idref="oc-9b"/>
      </symbol>
      <symbol id="sm-294">
         <name>_USER1_ISR</name>
         <value>0x3f647d</value>
         <object_component_ref idref="oc-90"/>
      </symbol>
      <symbol id="sm-295">
         <name>_XINT3_ISR</name>
         <value>0x3f64b9</value>
         <object_component_ref idref="oc-b7"/>
      </symbol>
      <symbol id="sm-296">
         <name>_NMI_ISR</name>
         <value>0x3f6446</value>
         <object_component_ref idref="oc-8e"/>
      </symbol>
      <symbol id="sm-297">
         <name>_ADCINT2_ISR</name>
         <value>0x3f63d8</value>
         <object_component_ref idref="oc-9d"/>
      </symbol>
      <symbol id="sm-298">
         <name>_PIE_RESERVED</name>
         <value>0x3f644b</value>
         <object_component_ref idref="oc-88"/>
      </symbol>
      <symbol id="sm-299">
         <name>_I2CINT1A_ISR</name>
         <value>0x3f642d</value>
         <object_component_ref idref="oc-ad"/>
      </symbol>
      <symbol id="sm-29a">
         <name>_XINT2_ISR</name>
         <value>0x3f64b4</value>
         <object_component_ref idref="oc-a0"/>
      </symbol>
      <symbol id="sm-29b">
         <name>_I2CINT2A_ISR</name>
         <value>0x3f6432</value>
         <object_component_ref idref="oc-ae"/>
      </symbol>
      <symbol id="sm-29c">
         <name>_RTOSINT_ISR</name>
         <value>0x3f6450</value>
         <object_component_ref idref="oc-8c"/>
      </symbol>
      <symbol id="sm-29d">
         <name>_EPWM3_INT_ISR</name>
         <value>0x3f6423</value>
         <object_component_ref idref="oc-a9"/>
      </symbol>
      <symbol id="sm-29e">
         <name>_ADCINT3_ISR</name>
         <value>0x3f63dd</value>
         <object_component_ref idref="oc-b1"/>
      </symbol>
      <symbol id="sm-29f">
         <name>_USER9_ISR</name>
         <value>0x3f64a5</value>
         <object_component_ref idref="oc-98"/>
      </symbol>
      <symbol id="sm-2a0">
         <name>_USER3_ISR</name>
         <value>0x3f6487</value>
         <object_component_ref idref="oc-92"/>
      </symbol>
      <symbol id="sm-2a1">
         <name>_USER8_ISR</name>
         <value>0x3f64a0</value>
         <object_component_ref idref="oc-97"/>
      </symbol>
      <symbol id="sm-2a2">
         <name>_EPWM1_INT_ISR</name>
         <value>0x3f640f</value>
         <object_component_ref idref="oc-a7"/>
      </symbol>
      <symbol id="sm-2a3">
         <name>_USER2_ISR</name>
         <value>0x3f6482</value>
         <object_component_ref idref="oc-91"/>
      </symbol>
      <symbol id="sm-2a4">
         <name>_SCITXINTA_ISR</name>
         <value>0x3f645a</value>
         <object_component_ref idref="oc-b0"/>
      </symbol>
      <symbol id="sm-2a5">
         <name>_SCIRXINTA_ISR</name>
         <value>0x3f6455</value>
         <object_component_ref idref="oc-af"/>
      </symbol>
      <symbol id="sm-2a6">
         <name>_rsvd_ISR</name>
         <value>0x3f64be</value>
         <object_component_ref idref="oc-9e"/>
      </symbol>
   </symbol_table>
   <title>Link successful</title>
</link_info>
