******************************************************************************
             TMS320C2000 Linker PC v6.2.0                      
******************************************************************************
>> Linked Wed Oct 30 14:20:20 2013

OUTPUT FILE NAME:   <Capstone1.out>
ENTRY POINT SYMBOL: "_c_int00"  address: 003f61cd


MEMORY CONFIGURATION

         name            origin    length      used     unused   attr    fill
----------------------  --------  ---------  --------  --------  ----  --------
PAGE 0:
  PRAML0                00008000   00000800  00000000  00000800  RWIX
  OTP                   003d7800   00000400  00000000  00000400  RWIX
  FLASHD                003f0000   00002000  00000000  00002000  RWIX
  FLASHC                003f2000   00002000  00000000  00002000  RWIX
  FLASHA                003f6000   00001f80  0000060e  00001972  RWIX
  CSM_RSVD              003f7f80   00000076  00000000  00000076  RWIX
  BEGIN                 003f7ff6   00000002  00000000  00000002  RWIX
  CSM_PWL_P0            003f7ff8   00000008  00000000  00000008  RWIX
  IQTABLES              003fe000   00000b50  00000000  00000b50  RWIX
  IQTABLES2             003feb50   0000008c  00000000  0000008c  RWIX
  IQTABLES3             003febdc   000000aa  00000000  000000aa  RWIX
  ROM                   003ff27c   00000d44  00000000  00000d44  RWIX
  RESET                 003fffc0   00000002  00000000  00000002  RWIX
  VECTORS               003fffc2   0000003e  00000000  0000003e  RWIX

PAGE 1:
  BOOT_RSVD             00000000   00000050  00000000  00000050  RWIX
  RAMM0                 00000050   000003b0  00000300  000000b0  RWIX
  RAMM1                 00000400   00000400  00000000  00000400  RWIX
  DRAML0                00008800   00000800  00000017  000007e9  RWIX
  FLASHB                003f4000   00002000  00000000  00002000  RWIX


SECTION ALLOCATION MAP

 output                                  attributes/
section   page    origin      length       input sections
--------  ----  ----------  ----------   ----------------
.pinit     0    003f6000    00000000     UNINITIALIZED

ramfuncs   0    00008000    00000000     UNINITIALIZED

.text      0    003f6000    000004f4     
                  003f6000    0000013b     main.obj (.text)
                  003f613b    00000049     driverlib.lib : gpio.obj (.text:_GPIO_setMode)
                  003f6184    00000049     main.obj (.text:retain)
                  003f61cd    00000044     rts2800_ml.lib : boot.obj (.text)
                  003f6211    00000034     driverlib.lib : gpio.obj (.text:_GPIO_setDirection)
                  003f6245    00000034                   : gpio.obj (.text:_GPIO_setPullUp)
                  003f6279    00000023                   : pie.obj (.text:_PIE_enableExtInt)
                  003f629c    00000019                   : pie.obj (.text:_PIE_setExtIntPolarity)
                  003f62b5    00000019     rts2800_ml.lib : args_main.obj (.text)
                  003f62ce    00000019                    : exit.obj (.text)
                  003f62e7    00000015     driverlib.lib : pll.obj (.text:_PLL_setup)
                  003f62fc    00000013                   : gpio.obj (.text:_GPIO_toggle)
                  003f630f    00000013                   : timer.obj (.text:_TIMER_setPreScaler)
                  003f6322    00000011                   : pie.obj (.text:_PIE_setDebugIntVectorTable)
                  003f6333    0000000f                   : pie.obj (.text:_PIE_disableAllInts)
                  003f6342    0000000f                   : pie.obj (.text:_PIE_registerPieIntHandler)
                  003f6351    0000000b                   : gpio.obj (.text:_GPIO_setExtInt)
                  003f635c    0000000a                   : pie.obj (.text:_PIE_enableInt)
                  003f6366    00000009     rts2800_ml.lib : _lock.obj (.text)
                  003f636f    00000008     driverlib.lib : adc.obj (.text:_ADC_init)
                  003f6377    00000008                   : pie.obj (.text:_PIE_init)
                  003f637f    00000008                   : wdog.obj (.text:_WDOG_disable)
                  003f6387    00000007                   : clk.obj (.text:_CLK_enableAdcClock)
                  003f638e    00000007                   : clk.obj (.text:_CLK_init)
                  003f6395    00000007                   : clk.obj (.text:_CLK_setOscSrc)
                  003f639c    00000007                   : flash.obj (.text:_FLASH_init)
                  003f63a3    00000007                   : gpio.obj (.text:_GPIO_init)
                  003f63aa    00000007                   : pll.obj (.text:_PLL_init)
                  003f63b1    00000007                   : pll.obj (.text:_PLL_setDivider)
                  003f63b8    00000007                   : timer.obj (.text:_TIMER_init)
                  003f63bf    00000007                   : timer.obj (.text:_TIMER_setEmulationMode)
                  003f63c6    00000007                   : wdog.obj (.text:_WDOG_init)
                  003f63cd    00000006                   : pll.obj (.text:_PLL_setMultiplier)
                  003f63d3    00000005                   : F2802x_DefaultIsr.obj (.text:_ADCINT1_ISR)
                  003f63d8    00000005                   : F2802x_DefaultIsr.obj (.text:_ADCINT2_ISR)
                  003f63dd    00000005                   : F2802x_DefaultIsr.obj (.text:_ADCINT3_ISR)
                  003f63e2    00000005                   : F2802x_DefaultIsr.obj (.text:_ADCINT4_ISR)
                  003f63e7    00000005                   : F2802x_DefaultIsr.obj (.text:_ADCINT5_ISR)
                  003f63ec    00000005                   : F2802x_DefaultIsr.obj (.text:_ADCINT6_ISR)
                  003f63f1    00000005                   : F2802x_DefaultIsr.obj (.text:_ADCINT7_ISR)
                  003f63f6    00000005                   : F2802x_DefaultIsr.obj (.text:_ADCINT8_ISR)
                  003f63fb    00000005                   : F2802x_DefaultIsr.obj (.text:_ADCINT9_ISR)
                  003f6400    00000005                   : F2802x_DefaultIsr.obj (.text:_DATALOG_ISR)
                  003f6405    00000005                   : F2802x_DefaultIsr.obj (.text:_ECAP1_INT_ISR)
                  003f640a    00000005                   : F2802x_DefaultIsr.obj (.text:_EMUINT_ISR)
                  003f640f    00000005                   : F2802x_DefaultIsr.obj (.text:_EPWM1_INT_ISR)
                  003f6414    00000005                   : F2802x_DefaultIsr.obj (.text:_EPWM1_TZINT_ISR)
                  003f6419    00000005                   : F2802x_DefaultIsr.obj (.text:_EPWM2_INT_ISR)
                  003f641e    00000005                   : F2802x_DefaultIsr.obj (.text:_EPWM2_TZINT_ISR)
                  003f6423    00000005                   : F2802x_DefaultIsr.obj (.text:_EPWM3_INT_ISR)
                  003f6428    00000005                   : F2802x_DefaultIsr.obj (.text:_EPWM3_TZINT_ISR)
                  003f642d    00000005                   : F2802x_DefaultIsr.obj (.text:_I2CINT1A_ISR)
                  003f6432    00000005                   : F2802x_DefaultIsr.obj (.text:_I2CINT2A_ISR)
                  003f6437    00000005                   : F2802x_DefaultIsr.obj (.text:_ILLEGAL_ISR)
                  003f643c    00000005                   : F2802x_DefaultIsr.obj (.text:_INT13_ISR)
                  003f6441    00000005                   : F2802x_DefaultIsr.obj (.text:_INT14_ISR)
                  003f6446    00000005                   : F2802x_DefaultIsr.obj (.text:_NMI_ISR)
                  003f644b    00000005                   : F2802x_DefaultIsr.obj (.text:_PIE_RESERVED)
                  003f6450    00000005                   : F2802x_DefaultIsr.obj (.text:_RTOSINT_ISR)
                  003f6455    00000005                   : F2802x_DefaultIsr.obj (.text:_SCIRXINTA_ISR)
                  003f645a    00000005                   : F2802x_DefaultIsr.obj (.text:_SCITXINTA_ISR)
                  003f645f    00000005                   : F2802x_DefaultIsr.obj (.text:_SPIRXINTA_ISR)
                  003f6464    00000005                   : F2802x_DefaultIsr.obj (.text:_SPITXINTA_ISR)
                  003f6469    00000005                   : F2802x_DefaultIsr.obj (.text:_TINT0_ISR)
                  003f646e    00000005                   : F2802x_DefaultIsr.obj (.text:_USER10_ISR)
                  003f6473    00000005                   : F2802x_DefaultIsr.obj (.text:_USER11_ISR)
                  003f6478    00000005                   : F2802x_DefaultIsr.obj (.text:_USER12_ISR)
                  003f647d    00000005                   : F2802x_DefaultIsr.obj (.text:_USER1_ISR)
                  003f6482    00000005                   : F2802x_DefaultIsr.obj (.text:_USER2_ISR)
                  003f6487    00000005                   : F2802x_DefaultIsr.obj (.text:_USER3_ISR)
                  003f648c    00000005                   : F2802x_DefaultIsr.obj (.text:_USER4_ISR)
                  003f6491    00000005                   : F2802x_DefaultIsr.obj (.text:_USER5_ISR)
                  003f6496    00000005                   : F2802x_DefaultIsr.obj (.text:_USER6_ISR)
                  003f649b    00000005                   : F2802x_DefaultIsr.obj (.text:_USER7_ISR)
                  003f64a0    00000005                   : F2802x_DefaultIsr.obj (.text:_USER8_ISR)
                  003f64a5    00000005                   : F2802x_DefaultIsr.obj (.text:_USER9_ISR)
                  003f64aa    00000005                   : F2802x_DefaultIsr.obj (.text:_WAKEINT_ISR)
                  003f64af    00000005                   : F2802x_DefaultIsr.obj (.text:_XINT1_ISR)
                  003f64b4    00000005                   : F2802x_DefaultIsr.obj (.text:_XINT2_ISR)
                  003f64b9    00000005                   : F2802x_DefaultIsr.obj (.text:_XINT3_ISR)
                  003f64be    00000005                   : F2802x_DefaultIsr.obj (.text:_rsvd_ISR)
                  003f64c3    00000004                   : cpu.obj (.text:_CPU_enableInt)
                  003f64c7    00000004                   : cpu.obj (.text:_CPU_init)
                  003f64cb    00000003                   : cpu.obj (.text:_CPU_clearIntFlags)
                  003f64ce    00000003                   : cpu.obj (.text:_CPU_disableGlobalInts)
                  003f64d1    00000003                   : cpu.obj (.text:_CPU_enableDebugInt)
                  003f64d4    00000003                   : cpu.obj (.text:_CPU_enableGlobalInts)
                  003f64d7    00000003                   : pie.obj (.text:_PIE_disable)
                  003f64da    00000003                   : pie.obj (.text:_PIE_enable)
                  003f64dd    00000003                   : pie.obj (.text:_PIE_enableTimer0Int)
                  003f64e0    00000003                   : pll.obj (.text:_PLL_getClkStatus)
                  003f64e3    00000003                   : pll.obj (.text:_PLL_getLockStatus)
                  003f64e6    00000003                   : timer.obj (.text:_TIMER_enableInt)
                  003f64e9    00000003                   : timer.obj (.text:_TIMER_reload)
                  003f64ec    00000003                   : timer.obj (.text:_TIMER_start)
                  003f64ef    00000003                   : timer.obj (.text:_TIMER_stop)
                  003f64f2    00000002                   : timer.obj (.text:_TIMER_setPeriod)

.econst    0    003f64f4    00000100     
                  003f64f4    00000100     driverlib.lib : pie.obj (.econst:_PIE_tableDebugInit)

.cinit     0    003f65f4    0000001a     
                  003f65f4    0000000a     rts2800_ml.lib : _lock.obj (.cinit)
                  003f65fe    0000000a                    : exit.obj (.cinit)
                  003f6608    00000004     main.obj (.cinit)
                  003f660c    00000002     --HOLE-- [fill = 0]

.reset     0    003fffc0    00000002     DSECT
                  003fffc0    00000002     rts2800_ml.lib : boot.obj (.reset)

vectors    0    003fffc2    00000000     DSECT

.stack     1    00000050    00000300     UNINITIALIZED
                  00000050    00000300     --HOLE--

.ebss      1    00008800    00000017     UNINITIALIZED
                  00008800    0000000e     main.obj (.ebss)
                  0000880e    00000004     rts2800_ml.lib : _lock.obj (.ebss)
                  00008812    00000004                    : exit.obj (.ebss)
                  00008816    00000001     driverlib.lib : cpu.obj (.ebss)


GLOBAL DATA SYMBOLS: SORTED BY DATA PAGE

address     data page           name
--------    ----------------    ----
00000050       1 (00000040)     __stack

00008800     220 (00008800)     _interruptCount
00008802     220 (00008800)     _myPie
00008804     220 (00008800)     _myTimer
00008806     220 (00008800)     _myGpio
00008808     220 (00008800)     _myClk
0000880a     220 (00008800)     _myFlash
0000880c     220 (00008800)     _myAdc
0000880e     220 (00008800)     __unlock
00008810     220 (00008800)     __lock
00008812     220 (00008800)     ___TI_cleanup_ptr
00008814     220 (00008800)     ___TI_dtors_ptr
00008816     220 (00008800)     _cpu

003f64f4    fd93 (003f64c0)     _PIE_tableDebugInit


GLOBAL SYMBOLS: SORTED ALPHABETICALLY BY Name 

address    name
--------   ----
003f6000   .text
003f62ce   C$$EXIT
003f63d3   _ADCINT1_ISR
003f63d8   _ADCINT2_ISR
003f63dd   _ADCINT3_ISR
003f63e2   _ADCINT4_ISR
003f63e7   _ADCINT5_ISR
003f63ec   _ADCINT6_ISR
003f63f1   _ADCINT7_ISR
003f63f6   _ADCINT8_ISR
003f63fb   _ADCINT9_ISR
003f636f   _ADC_init
003f6387   _CLK_enableAdcClock
003f638e   _CLK_init
003f6395   _CLK_setOscSrc
003f64cb   _CPU_clearIntFlags
003f64ce   _CPU_disableGlobalInts
003f64d1   _CPU_enableDebugInt
003f64d4   _CPU_enableGlobalInts
003f64c3   _CPU_enableInt
003f64c7   _CPU_init
003f6400   _DATALOG_ISR
003f6405   _ECAP1_INT_ISR
003f640a   _EMUINT_ISR
003f640f   _EPWM1_INT_ISR
003f6414   _EPWM1_TZINT_ISR
003f6419   _EPWM2_INT_ISR
003f641e   _EPWM2_TZINT_ISR
003f6423   _EPWM3_INT_ISR
003f6428   _EPWM3_TZINT_ISR
003f639c   _FLASH_init
003f63a3   _GPIO_init
003f6211   _GPIO_setDirection
003f6351   _GPIO_setExtInt
003f613b   _GPIO_setMode
003f6245   _GPIO_setPullUp
003f62fc   _GPIO_toggle
003f642d   _I2CINT1A_ISR
003f6432   _I2CINT2A_ISR
003f6437   _ILLEGAL_ISR
003f643c   _INT13_ISR
003f6441   _INT14_ISR
003f6446   _NMI_ISR
003f644b   _PIE_RESERVED
003f64d7   _PIE_disable
003f6333   _PIE_disableAllInts
003f64da   _PIE_enable
003f6279   _PIE_enableExtInt
003f635c   _PIE_enableInt
003f64dd   _PIE_enableTimer0Int
003f6377   _PIE_init
003f6342   _PIE_registerPieIntHandler
003f6322   _PIE_setDebugIntVectorTable
003f629c   _PIE_setExtIntPolarity
003f64f4   _PIE_tableDebugInit
003f64e0   _PLL_getClkStatus
003f64e3   _PLL_getLockStatus
003f63aa   _PLL_init
003f63b1   _PLL_setDivider
003f63cd   _PLL_setMultiplier
003f62e7   _PLL_setup
003f6450   _RTOSINT_ISR
00008000   _RamfuncsLoadEnd
00008000   _RamfuncsLoadStart
00008000   _RamfuncsRunStart
003f6455   _SCIRXINTA_ISR
003f645a   _SCITXINTA_ISR
003f645f   _SPIRXINTA_ISR
003f6464   _SPITXINTA_ISR
003f64e6   _TIMER_enableInt
003f63b8   _TIMER_init
003f64e9   _TIMER_reload
003f63bf   _TIMER_setEmulationMode
003f64f2   _TIMER_setPeriod
003f630f   _TIMER_setPreScaler
003f64ec   _TIMER_start
003f64ef   _TIMER_stop
003f6469   _TINT0_ISR
003f646e   _USER10_ISR
003f6473   _USER11_ISR
003f6478   _USER12_ISR
003f647d   _USER1_ISR
003f6482   _USER2_ISR
003f6487   _USER3_ISR
003f648c   _USER4_ISR
003f6491   _USER5_ISR
003f6496   _USER6_ISR
003f649b   _USER7_ISR
003f64a0   _USER8_ISR
003f64a5   _USER9_ISR
003f64aa   _WAKEINT_ISR
003f637f   _WDOG_disable
003f63c6   _WDOG_init
003f64af   _XINT1_ISR
003f64b4   _XINT2_ISR
003f64b9   _XINT3_ISR
00000350   __STACK_END
00000300   __STACK_SIZE
00000001   __TI_args_main
00008812   ___TI_cleanup_ptr
00008814   ___TI_dtors_ptr
ffffffff   ___binit__
ffffffff   ___c_args__
003f65f4   ___cinit__
003f64f4   ___etext__
ffffffff   ___pinit__
003f6000   ___text__
003f62b5   __args_main
00008810   __lock
003f636e   __nop
003f636a   __register_lock
003f6366   __register_unlock
00000050   __stack
0000880e   __unlock
003f62ce   _abort
003f61cd   _c_int00
00008816   _cpu
003f61ae   _cpu_timer0_isr
003f62d0   _exit
00008800   _interruptCount
003f600c   _main
0000880c   _myAdc
00008808   _myClk
0000880a   _myFlash
00008806   _myGpio
00008802   _myPie
00008804   _myTimer
003f64be   _rsvd_ISR
003f6184   _xint1_isr
ffffffff   binit
003f65f4   cinit
003f64f4   etext
ffffffff   pinit


GLOBAL SYMBOLS: SORTED BY Symbol Address 

address    name
--------   ----
00000001   __TI_args_main
00000050   __stack
00000300   __STACK_SIZE
00000350   __STACK_END
00008000   _RamfuncsLoadEnd
00008000   _RamfuncsLoadStart
00008000   _RamfuncsRunStart
00008800   _interruptCount
00008802   _myPie
00008804   _myTimer
00008806   _myGpio
00008808   _myClk
0000880a   _myFlash
0000880c   _myAdc
0000880e   __unlock
00008810   __lock
00008812   ___TI_cleanup_ptr
00008814   ___TI_dtors_ptr
00008816   _cpu
003f6000   .text
003f6000   ___text__
003f600c   _main
003f613b   _GPIO_setMode
003f6184   _xint1_isr
003f61ae   _cpu_timer0_isr
003f61cd   _c_int00
003f6211   _GPIO_setDirection
003f6245   _GPIO_setPullUp
003f6279   _PIE_enableExtInt
003f629c   _PIE_setExtIntPolarity
003f62b5   __args_main
003f62ce   C$$EXIT
003f62ce   _abort
003f62d0   _exit
003f62e7   _PLL_setup
003f62fc   _GPIO_toggle
003f630f   _TIMER_setPreScaler
003f6322   _PIE_setDebugIntVectorTable
003f6333   _PIE_disableAllInts
003f6342   _PIE_registerPieIntHandler
003f6351   _GPIO_setExtInt
003f635c   _PIE_enableInt
003f6366   __register_unlock
003f636a   __register_lock
003f636e   __nop
003f636f   _ADC_init
003f6377   _PIE_init
003f637f   _WDOG_disable
003f6387   _CLK_enableAdcClock
003f638e   _CLK_init
003f6395   _CLK_setOscSrc
003f639c   _FLASH_init
003f63a3   _GPIO_init
003f63aa   _PLL_init
003f63b1   _PLL_setDivider
003f63b8   _TIMER_init
003f63bf   _TIMER_setEmulationMode
003f63c6   _WDOG_init
003f63cd   _PLL_setMultiplier
003f63d3   _ADCINT1_ISR
003f63d8   _ADCINT2_ISR
003f63dd   _ADCINT3_ISR
003f63e2   _ADCINT4_ISR
003f63e7   _ADCINT5_ISR
003f63ec   _ADCINT6_ISR
003f63f1   _ADCINT7_ISR
003f63f6   _ADCINT8_ISR
003f63fb   _ADCINT9_ISR
003f6400   _DATALOG_ISR
003f6405   _ECAP1_INT_ISR
003f640a   _EMUINT_ISR
003f640f   _EPWM1_INT_ISR
003f6414   _EPWM1_TZINT_ISR
003f6419   _EPWM2_INT_ISR
003f641e   _EPWM2_TZINT_ISR
003f6423   _EPWM3_INT_ISR
003f6428   _EPWM3_TZINT_ISR
003f642d   _I2CINT1A_ISR
003f6432   _I2CINT2A_ISR
003f6437   _ILLEGAL_ISR
003f643c   _INT13_ISR
003f6441   _INT14_ISR
003f6446   _NMI_ISR
003f644b   _PIE_RESERVED
003f6450   _RTOSINT_ISR
003f6455   _SCIRXINTA_ISR
003f645a   _SCITXINTA_ISR
003f645f   _SPIRXINTA_ISR
003f6464   _SPITXINTA_ISR
003f6469   _TINT0_ISR
003f646e   _USER10_ISR
003f6473   _USER11_ISR
003f6478   _USER12_ISR
003f647d   _USER1_ISR
003f6482   _USER2_ISR
003f6487   _USER3_ISR
003f648c   _USER4_ISR
003f6491   _USER5_ISR
003f6496   _USER6_ISR
003f649b   _USER7_ISR
003f64a0   _USER8_ISR
003f64a5   _USER9_ISR
003f64aa   _WAKEINT_ISR
003f64af   _XINT1_ISR
003f64b4   _XINT2_ISR
003f64b9   _XINT3_ISR
003f64be   _rsvd_ISR
003f64c3   _CPU_enableInt
003f64c7   _CPU_init
003f64cb   _CPU_clearIntFlags
003f64ce   _CPU_disableGlobalInts
003f64d1   _CPU_enableDebugInt
003f64d4   _CPU_enableGlobalInts
003f64d7   _PIE_disable
003f64da   _PIE_enable
003f64dd   _PIE_enableTimer0Int
003f64e0   _PLL_getClkStatus
003f64e3   _PLL_getLockStatus
003f64e6   _TIMER_enableInt
003f64e9   _TIMER_reload
003f64ec   _TIMER_start
003f64ef   _TIMER_stop
003f64f2   _TIMER_setPeriod
003f64f4   _PIE_tableDebugInit
003f64f4   ___etext__
003f64f4   etext
003f65f4   ___cinit__
003f65f4   cinit
ffffffff   ___binit__
ffffffff   ___c_args__
ffffffff   ___pinit__
ffffffff   binit
ffffffff   pinit

[133 symbols]
